Archive member included to satisfy reference by file (symbol)

C:\Users\itsme\OneDrive\Documenten\GitHub\db meter port tmr6 16MHz\Drivers\CMSIS\Lib\GCC\libarm_cortexM0l_math.a(arm_const_structs.o)
                              ./Core/Src/sound_measurement.o (arm_cfft_sR_q31_len128)
C:\Users\itsme\OneDrive\Documenten\GitHub\db meter port tmr6 16MHz\Drivers\CMSIS\Lib\GCC\libarm_cortexM0l_math.a(arm_common_tables.o)
                              C:\Users\itsme\OneDrive\Documenten\GitHub\db meter port tmr6 16MHz\Drivers\CMSIS\Lib\GCC\libarm_cortexM0l_math.a(arm_const_structs.o) (twiddleCoef_rfft_4096)
C:\Users\itsme\OneDrive\Documenten\GitHub\db meter port tmr6 16MHz\Drivers\CMSIS\Lib\GCC\libarm_cortexM0l_math.a(arm_cfft_q31.o)
                              ./Core/Src/sound_measurement.o (arm_cfft_q31)
C:\Users\itsme\OneDrive\Documenten\GitHub\db meter port tmr6 16MHz\Drivers\CMSIS\Lib\GCC\libarm_cortexM0l_math.a(arm_bitreversal2.o)
                              C:\Users\itsme\OneDrive\Documenten\GitHub\db meter port tmr6 16MHz\Drivers\CMSIS\Lib\GCC\libarm_cortexM0l_math.a(arm_cfft_q31.o) (arm_bitreversal_32)
C:\Users\itsme\OneDrive\Documenten\GitHub\db meter port tmr6 16MHz\Drivers\CMSIS\Lib\GCC\libarm_cortexM0l_math.a(arm_rfft_init_q31.o)
                              C:\Users\itsme\OneDrive\Documenten\GitHub\db meter port tmr6 16MHz\Drivers\CMSIS\Lib\GCC\libarm_cortexM0l_math.a(arm_const_structs.o) (realCoefBQ31)
C:\Users\itsme\OneDrive\Documenten\GitHub\db meter port tmr6 16MHz\Drivers\CMSIS\Lib\GCC\libarm_cortexM0l_math.a(arm_rfft_init_q15.o)
                              C:\Users\itsme\OneDrive\Documenten\GitHub\db meter port tmr6 16MHz\Drivers\CMSIS\Lib\GCC\libarm_cortexM0l_math.a(arm_const_structs.o) (realCoefBQ15)
C:\Users\itsme\OneDrive\Documenten\GitHub\db meter port tmr6 16MHz\Drivers\CMSIS\Lib\GCC\libarm_cortexM0l_math.a(arm_cfft_radix4_q31.o)
                              C:\Users\itsme\OneDrive\Documenten\GitHub\db meter port tmr6 16MHz\Drivers\CMSIS\Lib\GCC\libarm_cortexM0l_math.a(arm_cfft_q31.o) (arm_radix4_butterfly_q31)
C:\Users\itsme\OneDrive\Documenten\GitHub\db meter port tmr6 16MHz\Drivers\CMSIS\Lib\GCC\libarm_cortexM0l_math.a(arm_cmplx_mag_squared_q31.o)
                              ./Core/Src/sound_measurement.o (arm_cmplx_mag_squared_q31)
C:\Users\itsme\OneDrive\Documenten\GitHub\db meter port tmr6 16MHz\Drivers\CMSIS\Lib\GCC\libarm_cortexM0l_math.a(arm_mult_q31.o)
                              ./Core/Src/sound_measurement.o (arm_mult_q31)
C:\Users\itsme\OneDrive\Documenten\GitHub\db meter port tmr6 16MHz\Drivers\CMSIS\Lib\GCC\libarm_cortexM0l_math.a(arm_add_q31.o)
                              ./Core/Src/sound_measurement.o (arm_add_q31)
C:\Users\itsme\OneDrive\Documenten\GitHub\db meter port tmr6 16MHz\Drivers\CMSIS\Lib\GCC\libarm_cortexM0l_math.a(arm_bitreversal.o)
                              C:\Users\itsme\OneDrive\Documenten\GitHub\db meter port tmr6 16MHz\Drivers\CMSIS\Lib\GCC\libarm_cortexM0l_math.a(arm_cfft_radix4_q31.o) (arm_bitreversal_q31)
C:/ST/STM32CubeIDE_1.16.1/STM32CubeIDE/plugins/com.st.stm32cube.ide.mcu.externaltools.gnu-tools-for-stm32.12.3.rel1.win32_1.0.200.202406191623/tools/bin/../lib/gcc/arm-none-eabi/12.3.1/../../../../arm-none-eabi/lib/thumb/v6-m/nofp\libc_nano.a(libc_a-exit.o)
                              C:/ST/STM32CubeIDE_1.16.1/STM32CubeIDE/plugins/com.st.stm32cube.ide.mcu.externaltools.gnu-tools-for-stm32.12.3.rel1.win32_1.0.200.202406191623/tools/bin/../lib/gcc/arm-none-eabi/12.3.1/../../../../arm-none-eabi/lib/thumb/v6-m/nofp/crt0.o (exit)
C:/ST/STM32CubeIDE_1.16.1/STM32CubeIDE/plugins/com.st.stm32cube.ide.mcu.externaltools.gnu-tools-for-stm32.12.3.rel1.win32_1.0.200.202406191623/tools/bin/../lib/gcc/arm-none-eabi/12.3.1/../../../../arm-none-eabi/lib/thumb/v6-m/nofp\libc_nano.a(libc_a-findfp.o)
                              C:/ST/STM32CubeIDE_1.16.1/STM32CubeIDE/plugins/com.st.stm32cube.ide.mcu.externaltools.gnu-tools-for-stm32.12.3.rel1.win32_1.0.200.202406191623/tools/bin/../lib/gcc/arm-none-eabi/12.3.1/../../../../arm-none-eabi/lib/thumb/v6-m/nofp\libc_nano.a(libc_a-exit.o) (__stdio_exit_handler)
C:/ST/STM32CubeIDE_1.16.1/STM32CubeIDE/plugins/com.st.stm32cube.ide.mcu.externaltools.gnu-tools-for-stm32.12.3.rel1.win32_1.0.200.202406191623/tools/bin/../lib/gcc/arm-none-eabi/12.3.1/../../../../arm-none-eabi/lib/thumb/v6-m/nofp\libc_nano.a(libc_a-fwalk.o)
                              C:/ST/STM32CubeIDE_1.16.1/STM32CubeIDE/plugins/com.st.stm32cube.ide.mcu.externaltools.gnu-tools-for-stm32.12.3.rel1.win32_1.0.200.202406191623/tools/bin/../lib/gcc/arm-none-eabi/12.3.1/../../../../arm-none-eabi/lib/thumb/v6-m/nofp\libc_nano.a(libc_a-findfp.o) (_fwalk_sglue)
C:/ST/STM32CubeIDE_1.16.1/STM32CubeIDE/plugins/com.st.stm32cube.ide.mcu.externaltools.gnu-tools-for-stm32.12.3.rel1.win32_1.0.200.202406191623/tools/bin/../lib/gcc/arm-none-eabi/12.3.1/../../../../arm-none-eabi/lib/thumb/v6-m/nofp\libc_nano.a(libc_a-snprintf.o)
[...]
Memory Configuration

Name             Origin             Length             Attributes
RAM              0x20000000         0x00005000         xrw
FLASH            0x08000000         0x00030000         xr
*default*        0x00000000         0xffffffff

Linker script and memory map

LOAD C:/ST/STM32CubeIDE_1.16.1/STM32CubeIDE/plugins/com.st.stm32cube.ide.mcu.externaltools.gnu-tools-for-stm32.12.3.rel1.win32_1.0.200.202406191623/tools/bin/../lib/gcc/arm-none-eabi/12.3.1/thumb/v6-m/nofp/crti.o
LOAD C:/ST/STM32CubeIDE_1.16.1/STM32CubeIDE/plugins/com.st.stm32cube.ide.mcu.externaltools.gnu-tools-for-stm32.12.3.rel1.win32_1.0.200.202406191623/tools/bin/../lib/gcc/arm-none-eabi/12.3.1/thumb/v6-m/nofp/crtbegin.o
LOAD C:/ST/STM32CubeIDE_1.16.1/STM32CubeIDE/plugins/com.st.stm32cube.ide.mcu.externaltools.gnu-tools-for-stm32.12.3.rel1.win32_1.0.200.202406191623/tools/bin/../lib/gcc/arm-none-eabi/12.3.1/../../../../arm-none-eabi/lib/thumb/v6-m/nofp/crt0.o
LOAD ./Core/Src/efficient_10log10.o
LOAD ./Core/Src/hardware_profile.o
LOAD ./Core/Src/main.o
LOAD ./Core/Src/print_functions.o
LOAD ./Core/Src/sound_LUTs.o
LOAD ./Core/Src/sound_measurement.o
LOAD ./Core/Src/sound_utilities.o
LOAD ./Core/Src/stm32l0xx_hal_msp.o
LOAD ./Core/Src/stm32l0xx_it.o
LOAD ./Core/Src/syscalls.o
LOAD ./Core/Src/sysmem.o
LOAD ./Core/Src/system_stm32l0xx.o
LOAD ./Core/Startup/startup_stm32l072rztx.o
LOAD ./Drivers/STM32L0xx_HAL_Driver/Src/stm32l0xx_hal.o
LOAD ./Drivers/STM32L0xx_HAL_Driver/Src/stm32l0xx_hal_cortex.o
LOAD ./Drivers/STM32L0xx_HAL_Driver/Src/stm32l0xx_hal_dma.o
LOAD ./Drivers/STM32L0xx_HAL_Driver/Src/stm32l0xx_hal_exti.o
LOAD ./Drivers/STM32L0xx_HAL_Driver/Src/stm32l0xx_hal_flash.o
LOAD ./Drivers/STM32L0xx_HAL_Driver/Src/stm32l0xx_hal_flash_ex.o
LOAD ./Drivers/STM32L0xx_HAL_Driver/Src/stm32l0xx_hal_flash_ramfunc.o
LOAD ./Drivers/STM32L0xx_HAL_Driver/Src/stm32l0xx_hal_gpio.o
LOAD ./Drivers/STM32L0xx_HAL_Driver/Src/stm32l0xx_hal_i2c.o
LOAD ./Drivers/STM32L0xx_HAL_Driver/Src/stm32l0xx_hal_i2c_ex.o
LOAD ./Drivers/STM32L0xx_HAL_Driver/Src/stm32l0xx_hal_i2s.o
LOAD ./Drivers/STM32L0xx_HAL_Driver/Src/stm32l0xx_hal_pwr.o
LOAD ./Drivers/STM32L0xx_HAL_Driver/Src/stm32l0xx_hal_pwr_ex.o
LOAD ./Drivers/STM32L0xx_HAL_Driver/Src/stm32l0xx_hal_rcc.o
LOAD ./Drivers/STM32L0xx_HAL_Driver/Src/stm32l0xx_hal_rcc_ex.o
LOAD ./Drivers/STM32L0xx_HAL_Driver/Src/stm32l0xx_hal_tim.o
LOAD ./Drivers/STM32L0xx_HAL_Driver/Src/stm32l0xx_hal_tim_ex.o
LOAD ./Drivers/STM32L0xx_HAL_Driver/Src/stm32l0xx_hal_uart.o
LOAD ./Drivers/STM32L0xx_HAL_Driver/Src/stm32l0xx_hal_uart_ex.o
LOAD C:\Users\itsme\OneDrive\Documenten\GitHub\db meter port tmr6 16MHz\Drivers\CMSIS\Lib\GCC\libarm_cortexM0l_math.a
START GROUP
LOAD C:/ST/STM32CubeIDE_1.16.1/STM32CubeIDE/plugins/com.st.stm32cube.ide.mcu.externaltools.gnu-tools-for-stm32.12.3.rel1.win32_1.0.200.202406191623/tools/bin/../lib/gcc/arm-none-eabi/12.3.1/../../../../arm-none-eabi/lib/thumb/v6-m/nofp\libc_nano.a
LOAD C:/ST/STM32CubeIDE_1.16.1/STM32CubeIDE/plugins/com.st.stm32cube.ide.mcu.externaltools.gnu-tools-for-stm32.12.3.rel1.win32_1.0.200.202406191623/tools/bin/../lib/gcc/arm-none-eabi/12.3.1/../../../../arm-none-eabi/lib/thumb/v6-m/nofp\libm.a
END GROUP
START GROUP
LOAD C:/ST/STM32CubeIDE_1.16.1/STM32CubeIDE/plugins/com.st.stm32cube.ide.mcu.externaltools.gnu-tools-for-stm32.12.3.rel1.win32_1.0.200.202406191623/tools/bin/../lib/gcc/arm-none-eabi/12.3.1/thumb/v6-m/nofp\libgcc.a
LOAD C:/ST/STM32CubeIDE_1.16.1/STM32CubeIDE/plugins/com.st.stm32cube.ide.mcu.externaltools.gnu-tools-for-stm32.12.3.rel1.win32_1.0.200.202406191623/tools/bin/../lib/gcc/arm-none-eabi/12.3.1/../../../../arm-none-eabi/lib/thumb/v6-m/nofp\libc_nano.a
END GROUP
START GROUP
LOAD C:/ST/STM32CubeIDE_1.16.1/STM32CubeIDE/plugins/com.st.stm32cube.ide.mcu.externaltools.gnu-tools-for-stm32.12.3.rel1.win32_1.0.200.202406191623/tools/bin/../lib/gcc/arm-none-eabi/12.3.1/thumb/v6-m/nofp\libgcc.a
LOAD C:/ST/STM32CubeIDE_1.16.1/STM32CubeIDE/plugins/com.st.stm32cube.ide.mcu.externaltools.gnu-tools-for-stm32.12.3.rel1.win32_1.0.200.202406191623/tools/bin/../lib/gcc/arm-none-eabi/12.3.1/../../../../arm-none-eabi/lib/thumb/v6-m/nofp\libc_nano.a
LOAD C:/ST/STM32CubeIDE_1.16.1/STM32CubeIDE/plugins/com.st.stm32cube.ide.mcu.externaltools.gnu-tools-for-stm32.12.3.rel1.win32_1.0.200.202406191623/tools/bin/../lib/gcc/arm-none-eabi/12.3.1/../../../../arm-none-eabi/lib/thumb/v6-m/nofp\libnosys.a
END GROUP
START GROUP
LOAD C:/ST/STM32CubeIDE_1.16.1/STM32CubeIDE/plugins/com.st.stm32cube.ide.mcu.externaltools.gnu-tools-for-stm32.12.3.rel1.win32_1.0.200.202406191623/tools/bin/../lib/gcc/arm-none-eabi/12.3.1/thumb/v6-m/nofp\libgcc.a
LOAD C:/ST/STM32CubeIDE_1.16.1/STM32CubeIDE/plugins/com.st.stm32cube.ide.mcu.externaltools.gnu-tools-for-stm32.12.3.rel1.win32_1.0.200.202406191623/tools/bin/../lib/gcc/arm-none-eabi/12.3.1/../../../../arm-none-eabi/lib/thumb/v6-m/nofp\libc_nano.a
LOAD C:/ST/STM32CubeIDE_1.16.1/STM32CubeIDE/plugins/com.st.stm32cube.ide.mcu.externaltools.gnu-tools-for-stm32.12.3.rel1.win32_1.0.200.202406191623/tools/bin/../lib/gcc/arm-none-eabi/12.3.1/../../../../arm-none-eabi/lib/thumb/v6-m/nofp\libnosys.a
END GROUP
LOAD C:/ST/STM32CubeIDE_1.16.1/STM32CubeIDE/plugins/com.st.stm32cube.ide.mcu.externaltools.gnu-tools-for-stm32.12.3.rel1.win32_1.0.200.202406191623/tools/bin/../lib/gcc/arm-none-eabi/12.3.1/thumb/v6-m/nofp/crtend.o
LOAD C:/ST/STM32CubeIDE_1.16.1/STM32CubeIDE/plugins/com.st.stm32cube.ide.mcu.externaltools.gnu-tools-for-stm32.12.3.rel1.win32_1.0.200.202406191623/tools/bin/../lib/gcc/arm-none-eabi/12.3.1/thumb/v6-m/nofp/crtn.o
                0x20005000                        _estack = (ORIGIN (RAM) + LENGTH (RAM))
                0x00000100                        _Min_Heap_Size = 0x100
                0x00000400                        _Min_Stack_Size = 0x400

.isr_vector     0x08000000       0xc0
                0x08000000                        . = ALIGN (0x4)
 *(.isr_vector)
 .isr_vector    0x08000000       0xc0 ./Core/Startup/startup_stm32l072rztx.o
                0x08000000                g_pfnVectors
                0x080000c0                        . = ALIGN (0x4)

.text           0x080000c0     0x7348
                0x080000c0                        . = ALIGN (0x4)
 *(.text)
 .text          0x080000c0       0x48 C:/ST/STM32CubeIDE_1.16.1/STM32CubeIDE/plugins/com.st.stm32cube.ide.mcu.externaltools.gnu-tools-for-stm32.12.3.rel1.win32_1.0.200.202406191623/tools/bin/../lib/gcc/arm-none-eabi/12.3.1/thumb/v6-m/nofp/crtbegin.o
 .text          0x08000108       0x50 C:\Users\itsme\OneDrive\Documenten\GitHub\db meter port tmr6 16MHz\Drivers\CMSIS\Lib\GCC\libarm_cortexM0l_math.a(arm_bitreversal2.o)
                0x08000108                arm_bitreversal_32
                0x08000132                arm_bitreversal_16
 .text          0x08000158        0xe C:/ST/STM32CubeIDE_1.16.1/STM32CubeIDE/plugins/com.st.stm32cube.ide.mcu.externaltools.gnu-tools-for-stm32.12.3.rel1.win32_1.0.200.202406191623/tools/bin/../lib/gcc/arm-none-eabi/12.3.1/../../../../arm-none-eabi/lib/thumb/v6-m/nofp\libc_nano.a(libc_a-strlen.o)
                0x08000158                strlen
 *fill*         0x08000166        0x2 
 .text          0x08000168       0x14 C:/ST/STM32CubeIDE_1.16.1/STM32CubeIDE/plugins/com.st.stm32cube.ide.mcu.externaltools.gnu-tools-for-stm32.12.3.rel1.win32_1.0.200.202406191623/tools/bin/../lib/gcc/arm-none-eabi/12.3.1/thumb/v6-m/nofp\libgcc.a(_thumb1_case_shi.o)
                0x08000168                __gnu_thumb1_case_shi
 .text          0x0800017c      0x114 C:/ST/STM32CubeIDE_1.16.1/STM32CubeIDE/plugins/com.st.stm32cube.ide.mcu.externaltools.gnu-tools-for-stm32.12.3.rel1.win32_1.0.200.202406191623/tools/bin/../lib/gcc/arm-none-eabi/12.3.1/thumb/v6-m/nofp\libgcc.a(_udivsi3.o)
                0x0800017c                __aeabi_uidiv
                0x0800017c                __udivsi3
                0x08000288                __aeabi_uidivmod
 .text          0x08000290        0x4 C:/ST/STM32CubeIDE_1.16.1/STM32CubeIDE/plugins/com.st.stm32cube.ide.mcu.externaltools.gnu-tools-for-stm32.12.3.rel1.win32_1.0.200.202406191623/tools/bin/../lib/gcc/arm-none-eabi/12.3.1/thumb/v6-m/nofp\libgcc.a(_dvmd_tls.o)
                0x08000290                __aeabi_idiv0
                0x08000290                __aeabi_ldiv0
 .text          0x08000294       0x40 C:/ST/STM32CubeIDE_1.16.1/STM32CubeIDE/plugins/com.st.stm32cube.ide.mcu.externaltools.gnu-tools-for-stm32.12.3.rel1.win32_1.0.200.202406191623/tools/bin/../lib/gcc/arm-none-eabi/12.3.1/thumb/v6-m/nofp\libgcc.a(_aeabi_uldivmod.o)
                0x08000294                __aeabi_uldivmod
 .text          0x080002d4       0x5c C:/ST/STM32CubeIDE_1.16.1/STM32CubeIDE/plugins/com.st.stm32cube.ide.mcu.externaltools.gnu-tools-for-stm32.12.3.rel1.win32_1.0.200.202406191623/tools/bin/../lib/gcc/arm-none-eabi/12.3.1/thumb/v6-m/nofp\libgcc.a(_muldi3.o)
                0x080002d4                __muldi3
                0x080002d4                __aeabi_lmul
 .text          0x08000330       0x30 C:/ST/STM32CubeIDE_1.16.1/STM32CubeIDE/plugins/com.st.stm32cube.ide.mcu.externaltools.gnu-tools-for-stm32.12.3.rel1.win32_1.0.200.202406191623/tools/bin/../lib/gcc/arm-none-eabi/12.3.1/thumb/v6-m/nofp\libgcc.a(_fixunssfsi.o)
                0x08000330                __fixunssfsi
                0x08000330                __aeabi_f2uiz
 .text          0x08000360      0x198 C:/ST/STM32CubeIDE_1.16.1/STM32CubeIDE/plugins/com.st.stm32cube.ide.mcu.externaltools.gnu-tools-for-stm32.12.3.rel1.win32_1.0.200.202406191623/tools/bin/../lib/gcc/arm-none-eabi/12.3.1/thumb/v6-m/nofp\libgcc.a(_udivmoddi4.o)
                0x08000360                __udivmoddi4
 .text          0x080004f8      0x314 C:/ST/STM32CubeIDE_1.16.1/STM32CubeIDE/plugins/com.st.stm32cube.ide.mcu.externaltools.gnu-tools-for-stm32.12.3.rel1.win32_1.0.200.202406191623/tools/bin/../lib/gcc/arm-none-eabi/12.3.1/thumb/v6-m/nofp\libgcc.a(addsf3.o)
                0x080004f8                __aeabi_fadd
 .text          0x0800080c      0x240 C:/ST/STM32CubeIDE_1.16.1/STM32CubeIDE/plugins/com.st.stm32cube.ide.mcu.externaltools.gnu-tools-for-stm32.12.3.rel1.win32_1.0.200.202406191623/tools/bin/../lib/gcc/arm-none-eabi/12.3.1/thumb/v6-m/nofp\libgcc.a(divsf3.o)
                0x0800080c                __aeabi_fdiv
 .text          0x08000a4c      0x27c C:/ST/STM32CubeIDE_1.16.1/STM32CubeIDE/plugins/com.st.stm32cube.ide.mcu.externaltools.gnu-tools-for-stm32.12.3.rel1.win32_1.0.200.202406191623/tools/bin/../lib/gcc/arm-none-eabi/12.3.1/thumb/v6-m/nofp\libgcc.a(mulsf3.o)
                0x08000a4c                __aeabi_fmul
 .text          0x08000cc8      0x348 C:/ST/STM32CubeIDE_1.16.1/STM32CubeIDE/plugins/com.st.stm32cube.ide.mcu.externaltools.gnu-tools-for-stm32.12.3.rel1.win32_1.0.200.202406191623/tools/bin/../lib/gcc/arm-none-eabi/12.3.1/thumb/v6-m/nofp\libgcc.a(subsf3.o)
                0x08000cc8                __aeabi_fsub
 .text          0x08001010       0x40 C:/ST/STM32CubeIDE_1.16.1/STM32CubeIDE/plugins/com.st.stm32cube.ide.mcu.externaltools.gnu-tools-for-stm32.12.3.rel1.win32_1.0.200.202406191623/tools/bin/../lib/gcc/arm-none-eabi/12.3.1/thumb/v6-m/nofp\libgcc.a(fixsfsi.o)
                0x08001010                __aeabi_f2iz
 .text          0x08001050       0x98 C:/ST/STM32CubeIDE_1.16.1/STM32CubeIDE/plugins/com.st.stm32cube.ide.mcu.externaltools.gnu-tools-for-stm32.12.3.rel1.win32_1.0.200.202406191623/tools/bin/../lib/gcc/arm-none-eabi/12.3.1/thumb/v6-m/nofp\libgcc.a(floatsisf.o)
                0x08001050                __aeabi_i2f
 .text          0x080010e8       0x84 C:/ST/STM32CubeIDE_1.16.1/STM32CubeIDE/plugins/com.st.stm32cube.ide.mcu.externaltools.gnu-tools-for-stm32.12.3.rel1.win32_1.0.200.202406191623/tools/bin/../lib/gcc/arm-none-eabi/12.3.1/thumb/v6-m/nofp\libgcc.a(floatunsisf.o)
                0x080010e8                __aeabi_ui2f
 .text          0x0800116c       0x74 C:/ST/STM32CubeIDE_1.16.1/STM32CubeIDE/plugins/com.st.stm32cube.ide.mcu.externaltools.gnu-tools-for-stm32.12.3.rel1.win32_1.0.200.202406191623/tools/bin/../lib/gcc/arm-none-eabi/12.3.1/thumb/v6-m/nofp\libgcc.a(_arm_cmpsf2.o)
                0x0800116c                __aeabi_cfrcmple
                0x08001174                __aeabi_cfcmpeq
                0x08001174                __aeabi_cfcmple
                0x08001184                __aeabi_fcmpeq
                0x08001190                __aeabi_fcmplt
                0x080011a4                __aeabi_fcmple
                0x080011b8                __aeabi_fcmpgt
                0x080011cc                __aeabi_fcmpge
 .text          0x080011e0       0x3c C:/ST/STM32CubeIDE_1.16.1/STM32CubeIDE/plugins/com.st.stm32cube.ide.mcu.externaltools.gnu-tools-for-stm32.12.3.rel1.win32_1.0.200.202406191623/tools/bin/../lib/gcc/arm-none-eabi/12.3.1/thumb/v6-m/nofp\libgcc.a(_clzsi2.o)
                0x080011e0                __clzsi2
 .text          0x0800121c       0x18 C:/ST/STM32CubeIDE_1.16.1/STM32CubeIDE/plugins/com.st.stm32cube.ide.mcu.externaltools.gnu-tools-for-stm32.12.3.rel1.win32_1.0.200.202406191623/tools/bin/../lib/gcc/arm-none-eabi/12.3.1/thumb/v6-m/nofp\libgcc.a(_clzdi2.o)
                0x0800121c                __clzdi2
 .text          0x08001234       0x50 C:/ST/STM32CubeIDE_1.16.1/STM32CubeIDE/plugins/com.st.stm32cube.ide.mcu.externaltools.gnu-tools-for-stm32.12.3.rel1.win32_1.0.200.202406191623/tools/bin/../lib/gcc/arm-none-eabi/12.3.1/thumb/v6-m/nofp\libgcc.a(eqsf2.o)
                0x08001234                __eqsf2
                0x08001234                __nesf2
 .text          0x08001284       0xa0 C:/ST/STM32CubeIDE_1.16.1/STM32CubeIDE/plugins/com.st.stm32cube.ide.mcu.externaltools.gnu-tools-for-stm32.12.3.rel1.win32_1.0.200.202406191623/tools/bin/../lib/gcc/arm-none-eabi/12.3.1/thumb/v6-m/nofp\libgcc.a(gesf2.o)
                0x08001284                __gesf2
                0x08001284                __gtsf2
 .text          0x08001324       0x9c C:/ST/STM32CubeIDE_1.16.1/STM32CubeIDE/plugins/com.st.stm32cube.ide.mcu.externaltools.gnu-tools-for-stm32.12.3.rel1.win32_1.0.200.202406191623/tools/bin/../lib/gcc/arm-none-eabi/12.3.1/thumb/v6-m/nofp\libgcc.a(lesf2.o)
                0x08001324                __ltsf2
                0x08001324                __lesf2
 *(.text*)
 .text.accessLUT10log10
                0x080013c0       0x54 ./Core/Src/efficient_10log10.o
 .text.efficient10log10
                0x08001414      0x120 ./Core/Src/efficient_10log10.o
                0x08001414                efficient10log10
 .text.correctIntFracNumber
                0x08001534       0xa0 ./Core/Src/efficient_10log10.o
                0x08001534                correctIntFracNumber
 .text.errorHandler
                0x080015d4       0x20 ./Core/Src/hardware_profile.o
                0x080015d4                errorHandler
 .text.printString
                0x080015f4       0x30 ./Core/Src/hardware_profile.o
                0x080015f4                printString
 .text.main     0x08001624      0x10c ./Core/Src/main.o
                0x08001624                main
 .text.SystemClock_Config
                0x08001730       0xe4 ./Core/Src/main.o
                0x08001730                SystemClock_Config
 .text.MX_I2S2_Init
                0x08001814       0x60 ./Core/Src/main.o
                0x08001814                MX_I2S2_Init
 .text.MX_TIM6_Init
                0x08001874       0x88 ./Core/Src/main.o
                0x08001874                MX_TIM6_Init
 .text.MX_USART1_UART_Init
                0x080018fc       0x6c ./Core/Src/main.o
                0x080018fc                MX_USART1_UART_Init
 .text.MX_DMA_Init
                0x08001968       0x3c ./Core/Src/main.o
                0x08001968                MX_DMA_Init
 .text.MX_GPIO_Init
                0x080019a4      0x18c ./Core/Src/main.o
 .text.Error_Handler
                0x08001b30        0xc ./Core/Src/main.o
                0x08001b30                Error_Handler
 .text.print    0x08001b3c       0x44 ./Core/Src/print_functions.o
                0x08001b3c                print
 .text.__NVIC_EnableIRQ
                0x08001b80       0x34 ./Core/Src/sound_measurement.o
 .text.__NVIC_DisableIRQ
                0x08001bb4       0x44 ./Core/Src/sound_measurement.o
 .text.getSoundData
                0x08001bf8      0x1b0 ./Core/Src/sound_measurement.o
                0x08001bf8                getSoundData
 .text.soundInit
                0x08001da8       0x78 ./Core/Src/sound_measurement.o
                0x08001da8                soundInit
 .text.clearMaximumAmplitude
                0x08001e20       0x14 ./Core/Src/sound_measurement.o
                0x08001e20                clearMaximumAmplitude
 .text.startMicSettlingPeriod
                0x08001e34       0x2c ./Core/Src/sound_measurement.o
 .text.micSettlingComplete
                0x08001e60       0x40 ./Core/Src/sound_measurement.o
 .text.enableMicrophone
                0x08001ea0       0xd0 ./Core/Src/sound_measurement.o
                0x08001ea0                enableMicrophone
 .text.startSPLcalculation
                0x08001f70       0x40 ./Core/Src/sound_measurement.o
                0x08001f70                startSPLcalculation
 .text.HAL_I2S_RxHalfCpltCallback
                0x08001fb0       0x16 ./Core/Src/sound_measurement.o
                0x08001fb0                HAL_I2S_RxHalfCpltCallback
 .text.HAL_I2S_RxCpltCallback
                0x08001fc6       0x1a ./Core/Src/sound_measurement.o
                0x08001fc6                HAL_I2S_RxCpltCallback
 .text.processHalfDMAbuffer
                0x08001fe0       0x74 ./Core/Src/sound_measurement.o
 .text.HAL_I2S_ErrorCallback
                0x08002054       0x28 ./Core/Src/sound_measurement.o
                0x08002054                HAL_I2S_ErrorCallback
 .text.calculateSPLQ31
                0x0800207c      0x5bc ./Core/Src/sound_measurement.o
 .text.resetSPLstate
                0x08002638       0x64 ./Core/Src/sound_measurement.o
 .text.getFilteredMaxAmplitudeQ31
                0x0800269c      0x120 ./Core/Src/sound_measurement.o
 .text.floatToIntAndFrac2dp
                0x080027bc       0x60 ./Core/Src/sound_utilities.o
                0x080027bc                floatToIntAndFrac2dp
 .text.floatToIntAndFrac1dp
                0x0800281c       0x64 ./Core/Src/sound_utilities.o
                0x0800281c                floatToIntAndFrac1dp
 .text.sumToIntAverage
                0x08002880       0x84 ./Core/Src/sound_utilities.o
                0x08002880                sumToIntAverage
 .text.findMinMax
                0x08002904       0x80 ./Core/Src/sound_utilities.o
                0x08002904                findMinMax
 .text.getPo2factor
                0x08002984       0x44 ./Core/Src/sound_utilities.o
                0x08002984                getPo2factor
 .text.amplitudeDN_to_mPa
                0x080029c8       0x44 ./Core/Src/sound_utilities.o
                0x080029c8                amplitudeDN_to_mPa
 .text.scaleSPL
                0x08002a0c       0x4e ./Core/Src/sound_utilities.o
                0x08002a0c                scaleSPL
 .text.decodeI2SdataLch
                0x08002a5a       0x5c ./Core/Src/sound_utilities.o
                0x08002a5a                decodeI2SdataLch
 *fill*         0x08002ab6        0x2 
 .text.HAL_MspInit
                0x08002ab8       0x28 ./Core/Src/stm32l0xx_hal_msp.o
                0x08002ab8                HAL_MspInit
 .text.HAL_I2S_MspInit
                0x08002ae0       0xe8 ./Core/Src/stm32l0xx_hal_msp.o
                0x08002ae0                HAL_I2S_MspInit
 .text.HAL_TIM_Base_MspInit
                0x08002bc8       0x30 ./Core/Src/stm32l0xx_hal_msp.o
                0x08002bc8                HAL_TIM_Base_MspInit
 .text.HAL_UART_MspInit
                0x08002bf8       0x88 ./Core/Src/stm32l0xx_hal_msp.o
                0x08002bf8                HAL_UART_MspInit
 .text.NMI_Handler
                0x08002c80       0x1c ./Core/Src/stm32l0xx_it.o
                0x08002c80                NMI_Handler
 .text.HardFault_Handler
                0x08002c9c       0x1c ./Core/Src/stm32l0xx_it.o
                0x08002c9c                HardFault_Handler
 .text.SVC_Handler
                0x08002cb8       0x20 ./Core/Src/stm32l0xx_it.o
                0x08002cb8                SVC_Handler
 .text.PendSV_Handler
                0x08002cd8       0x20 ./Core/Src/stm32l0xx_it.o
                0x08002cd8                PendSV_Handler
 .text.SysTick_Handler
                0x08002cf8        0xe ./Core/Src/stm32l0xx_it.o
                0x08002cf8                SysTick_Handler
 *fill*         0x08002d06        0x2 
 .text.DMA1_Channel4_5_6_7_IRQHandler
                0x08002d08       0x18 ./Core/Src/stm32l0xx_it.o
                0x08002d08                DMA1_Channel4_5_6_7_IRQHandler
 .text._sbrk    0x08002d20       0x6c ./Core/Src/sysmem.o
                0x08002d20                _sbrk
 .text.SystemInit
                0x08002d8c        0xa ./Core/Src/system_stm32l0xx.o
                0x08002d8c                SystemInit
 *fill*         0x08002d96        0x2 
 .text.Reset_Handler
                0x08002d98       0x50 ./Core/Startup/startup_stm32l072rztx.o
                0x08002d98                Reset_Handler
 .text.Default_Handler
                0x08002de8        0x2 ./Core/Startup/startup_stm32l072rztx.o
                0x08002de8                TSC_IRQHandler
                0x08002de8                ADC1_COMP_IRQHandler
                0x08002de8                PVD_IRQHandler
                0x08002de8                I2C1_IRQHandler
                0x08002de8                RCC_CRS_IRQHandler
                0x08002de8                SPI1_IRQHandler
                0x08002de8                TIM6_DAC_IRQHandler
                0x08002de8                EXTI2_3_IRQHandler
                0x08002de8                I2C2_IRQHandler
                0x08002de8                RTC_IRQHandler
                0x08002de8                TIM3_IRQHandler
                0x08002de8                EXTI4_15_IRQHandler
                0x08002de8                DMA1_Channel1_IRQHandler
                0x08002de8                USART4_5_IRQHandler
                0x08002de8                Default_Handler
                0x08002de8                TIM22_IRQHandler
                0x08002de8                TIM7_IRQHandler
                0x08002de8                EXTI0_1_IRQHandler
                0x08002de8                USB_IRQHandler
                0x08002de8                I2C3_IRQHandler
                0x08002de8                SPI2_IRQHandler
                0x08002de8                TIM21_IRQHandler
                0x08002de8                WWDG_IRQHandler
                0x08002de8                TIM2_IRQHandler
                0x08002de8                DMA1_Channel2_3_IRQHandler
                0x08002de8                USART2_IRQHandler
                0x08002de8                FLASH_IRQHandler
                0x08002de8                USART1_IRQHandler
                0x08002de8                RNG_LPUART1_IRQHandler
                0x08002de8                LPTIM1_IRQHandler
 *fill*         0x08002dea        0x2 
 .text.HAL_Init
                0x08002dec       0x40 ./Drivers/STM32L0xx_HAL_Driver/Src/stm32l0xx_hal.o
                0x08002dec                HAL_Init
 .text.HAL_InitTick
                0x08002e2c       0x68 ./Drivers/STM32L0xx_HAL_Driver/Src/stm32l0xx_hal.o
                0x08002e2c                HAL_InitTick
 .text.HAL_IncTick
                0x08002e94       0x24 ./Drivers/STM32L0xx_HAL_Driver/Src/stm32l0xx_hal.o
                0x08002e94                HAL_IncTick
 .text.HAL_GetTick
                0x08002eb8       0x14 ./Drivers/STM32L0xx_HAL_Driver/Src/stm32l0xx_hal.o
                0x08002eb8                HAL_GetTick
 .text.__NVIC_EnableIRQ
                0x08002ecc       0x34 ./Drivers/STM32L0xx_HAL_Driver/Src/stm32l0xx_hal_cortex.o
 .text.__NVIC_SetPriority
                0x08002f00       0xdc ./Drivers/STM32L0xx_HAL_Driver/Src/stm32l0xx_hal_cortex.o
 .text.SysTick_Config
                0x08002fdc       0x48 ./Drivers/STM32L0xx_HAL_Driver/Src/stm32l0xx_hal_cortex.o
 .text.HAL_NVIC_SetPriority
                0x08003024       0x2a ./Drivers/STM32L0xx_HAL_Driver/Src/stm32l0xx_hal_cortex.o
                0x08003024                HAL_NVIC_SetPriority
 .text.HAL_NVIC_EnableIRQ
                0x0800304e       0x20 ./Drivers/STM32L0xx_HAL_Driver/Src/stm32l0xx_hal_cortex.o
                0x0800304e                HAL_NVIC_EnableIRQ
 .text.HAL_SYSTICK_Config
                0x0800306e       0x1a ./Drivers/STM32L0xx_HAL_Driver/Src/stm32l0xx_hal_cortex.o
                0x0800306e                HAL_SYSTICK_Config
 .text.HAL_DMA_Init
                0x08003088       0xf0 ./Drivers/STM32L0xx_HAL_Driver/Src/stm32l0xx_hal_dma.o
                0x08003088                HAL_DMA_Init
 .text.HAL_DMA_Start_IT
                0x08003178       0xcc ./Drivers/STM32L0xx_HAL_Driver/Src/stm32l0xx_hal_dma.o
                0x08003178                HAL_DMA_Start_IT
 .text.HAL_DMA_Abort
                0x08003244       0x80 ./Drivers/STM32L0xx_HAL_Driver/Src/stm32l0xx_hal_dma.o
                0x08003244                HAL_DMA_Abort
 .text.HAL_DMA_IRQHandler
                0x080032c4      0x15c ./Drivers/STM32L0xx_HAL_Driver/Src/stm32l0xx_hal_dma.o
                0x080032c4                HAL_DMA_IRQHandler
 .text.DMA_SetConfig
                0x08003420       0x5c ./Drivers/STM32L0xx_HAL_Driver/Src/stm32l0xx_hal_dma.o
 .text.HAL_GPIO_Init
                0x0800347c      0x2fc ./Drivers/STM32L0xx_HAL_Driver/Src/stm32l0xx_hal_gpio.o
                0x0800347c                HAL_GPIO_Init
 .text.HAL_GPIO_WritePin
                0x08003778       0x3a ./Drivers/STM32L0xx_HAL_Driver/Src/stm32l0xx_hal_gpio.o
                0x08003778                HAL_GPIO_WritePin
 *fill*         0x080037b2        0x2 
 .text.HAL_I2S_Init
                0x080037b4      0x1e4 ./Drivers/STM32L0xx_HAL_Driver/Src/stm32l0xx_hal_i2s.o
                0x080037b4                HAL_I2S_Init
 .text.HAL_I2S_Receive_DMA
                0x08003998      0x184 ./Drivers/STM32L0xx_HAL_Driver/Src/stm32l0xx_hal_i2s.o
                0x08003998                HAL_I2S_Receive_DMA
 .text.HAL_I2S_DMAStop
                0x08003b1c      0x198 ./Drivers/STM32L0xx_HAL_Driver/Src/stm32l0xx_hal_i2s.o
                0x08003b1c                HAL_I2S_DMAStop
 .text.I2S_DMARxCplt
                0x08003cb4       0x44 ./Drivers/STM32L0xx_HAL_Driver/Src/stm32l0xx_hal_i2s.o
 .text.I2S_DMARxHalfCplt
                0x08003cf8       0x1e ./Drivers/STM32L0xx_HAL_Driver/Src/stm32l0xx_hal_i2s.o
 .text.I2S_DMAError
                0x08003d16       0x4e ./Drivers/STM32L0xx_HAL_Driver/Src/stm32l0xx_hal_i2s.o
 .text.I2S_WaitFlagStateUntilTimeout
                0x08003d64       0x72 ./Drivers/STM32L0xx_HAL_Driver/Src/stm32l0xx_hal_i2s.o
 *fill*         0x08003dd6        0x2 
 .text.HAL_RCC_OscConfig
                0x08003dd8      0x7a8 ./Drivers/STM32L0xx_HAL_Driver/Src/stm32l0xx_hal_rcc.o
                0x08003dd8                HAL_RCC_OscConfig
 .text.HAL_RCC_ClockConfig
                0x08004580      0x290 ./Drivers/STM32L0xx_HAL_Driver/Src/stm32l0xx_hal_rcc.o
                0x08004580                HAL_RCC_ClockConfig
 .text.HAL_RCC_GetSysClockFreq
                0x08004810      0x14c ./Drivers/STM32L0xx_HAL_Driver/Src/stm32l0xx_hal_rcc.o
                0x08004810                HAL_RCC_GetSysClockFreq
 .text.HAL_RCC_GetHCLKFreq
                0x0800495c       0x14 ./Drivers/STM32L0xx_HAL_Driver/Src/stm32l0xx_hal_rcc.o
                0x0800495c                HAL_RCC_GetHCLKFreq
 .text.HAL_RCC_GetPCLK1Freq
                0x08004970       0x2c ./Drivers/STM32L0xx_HAL_Driver/Src/stm32l0xx_hal_rcc.o
                0x08004970                HAL_RCC_GetPCLK1Freq
 .text.HAL_RCC_GetPCLK2Freq
                0x0800499c       0x2c ./Drivers/STM32L0xx_HAL_Driver/Src/stm32l0xx_hal_rcc.o
                0x0800499c                HAL_RCC_GetPCLK2Freq
 .text.HAL_RCCEx_PeriphCLKConfig
                0x080049c8      0x2b8 ./Drivers/STM32L0xx_HAL_Driver/Src/stm32l0xx_hal_rcc_ex.o
                0x080049c8                HAL_RCCEx_PeriphCLKConfig
 .text.HAL_TIM_Base_Init
                0x08004c80       0x80 ./Drivers/STM32L0xx_HAL_Driver/Src/stm32l0xx_hal_tim.o
                0x08004c80                HAL_TIM_Base_Init
 .text.HAL_TIM_Base_Start
                0x08004d00       0x94 ./Drivers/STM32L0xx_HAL_Driver/Src/stm32l0xx_hal_tim.o
                0x08004d00                HAL_TIM_Base_Start
 .text.HAL_TIM_Base_Stop
                0x08004d94       0x3c ./Drivers/STM32L0xx_HAL_Driver/Src/stm32l0xx_hal_tim.o
                0x08004d94                HAL_TIM_Base_Stop
 .text.TIM_Base_SetConfig
                0x08004dd0       0xbc ./Drivers/STM32L0xx_HAL_Driver/Src/stm32l0xx_hal_tim.o
 .text.HAL_TIMEx_MasterConfigSynchronization
                0x08004e8c       0xbc ./Drivers/STM32L0xx_HAL_Driver/Src/stm32l0xx_hal_tim_ex.o
                0x08004e8c                HAL_TIMEx_MasterConfigSynchronization
 .text.HAL_UART_Init
                0x08004f48       0xa8 ./Drivers/STM32L0xx_HAL_Driver/Src/stm32l0xx_hal_uart.o
                0x08004f48                HAL_UART_Init
 .text.HAL_UART_Transmit
                0x08004ff0      0x13e ./Drivers/STM32L0xx_HAL_Driver/Src/stm32l0xx_hal_uart.o
                0x08004ff0                HAL_UART_Transmit
 *fill*         0x0800512e        0x2 
 .text.UART_SetConfig
                0x08005130      0x53c ./Drivers/STM32L0xx_HAL_Driver/Src/stm32l0xx_hal_uart.o
                0x08005130                UART_SetConfig
 .text.UART_AdvFeatureConfig
                0x0800566c      0x168 ./Drivers/STM32L0xx_HAL_Driver/Src/stm32l0xx_hal_uart.o
                0x0800566c                UART_AdvFeatureConfig
 .text.UART_CheckIdleState
                0x080057d4      0x150 ./Drivers/STM32L0xx_HAL_Driver/Src/stm32l0xx_hal_uart.o
                0x080057d4                UART_CheckIdleState
 .text.UART_WaitOnFlagUntilTimeout
                0x08005924       0xd2 ./Drivers/STM32L0xx_HAL_Driver/Src/stm32l0xx_hal_uart.o
                0x08005924                UART_WaitOnFlagUntilTimeout
 *fill*         0x080059f6        0x2 
 .text.UART_EndRxTransfer
                0x080059f8       0xc8 ./Drivers/STM32L0xx_HAL_Driver/Src/stm32l0xx_hal_uart.o
 .text.arm_cfft_radix4by2_q31
                0x08005ac0      0x184 C:\Users\itsme\OneDrive\Documenten\GitHub\db meter port tmr6 16MHz\Drivers\CMSIS\Lib\GCC\libarm_cortexM0l_math.a(arm_cfft_q31.o)
                0x08005ac0                arm_cfft_radix4by2_q31
 .text.arm_cfft_radix4by2_inverse_q31
                0x08005c44      0x184 C:\Users\itsme\OneDrive\Documenten\GitHub\db meter port tmr6 16MHz\Drivers\CMSIS\Lib\GCC\libarm_cortexM0l_math.a(arm_cfft_q31.o)
                0x08005c44                arm_cfft_radix4by2_inverse_q31
 .text.arm_cfft_q31
                0x08005dc8       0xc8 C:\Users\itsme\OneDrive\Documenten\GitHub\db meter port tmr6 16MHz\Drivers\CMSIS\Lib\GCC\libarm_cortexM0l_math.a(arm_cfft_q31.o)
                0x08005dc8                arm_cfft_q31
 .text.arm_radix4_butterfly_q31
                0x08005e90      0x54c C:\Users\itsme\OneDrive\Documenten\GitHub\db meter port tmr6 16MHz\Drivers\CMSIS\Lib\GCC\libarm_cortexM0l_math.a(arm_cfft_radix4_q31.o)
                0x08005e90                arm_radix4_butterfly_q31
 .text.arm_radix4_butterfly_inverse_q31
                0x080063dc      0x540 C:\Users\itsme\OneDrive\Documenten\GitHub\db meter port tmr6 16MHz\Drivers\CMSIS\Lib\GCC\libarm_cortexM0l_math.a(arm_cfft_radix4_q31.o)
                0x080063dc                arm_radix4_butterfly_inverse_q31
 .text.arm_cmplx_mag_squared_q31
                0x0800691c       0x4c C:\Users\itsme\OneDrive\Documenten\GitHub\db meter port tmr6 16MHz\Drivers\CMSIS\Lib\GCC\libarm_cortexM0l_math.a(arm_cmplx_mag_squared_q31.o)
                0x0800691c                arm_cmplx_mag_squared_q31
 .text.arm_mult_q31
                0x08006968       0x64 C:\Users\itsme\OneDrive\Documenten\GitHub\db meter port tmr6 16MHz\Drivers\CMSIS\Lib\GCC\libarm_cortexM0l_math.a(arm_mult_q31.o)
                0x08006968                arm_mult_q31
 .text.arm_add_q31
                0x080069cc       0x70 C:\Users\itsme\OneDrive\Documenten\GitHub\db meter port tmr6 16MHz\Drivers\CMSIS\Lib\GCC\libarm_cortexM0l_math.a(arm_add_q31.o)
                0x080069cc                arm_add_q31
 .text._vsnprintf_r
                0x08006a3c       0x56 C:/ST/STM32CubeIDE_1.16.1/STM32CubeIDE/plugins/com.st.stm32cube.ide.mcu.externaltools.gnu-tools-for-stm32.12.3.rel1.win32_1.0.200.202406191623/tools/bin/../lib/gcc/arm-none-eabi/12.3.1/../../../../arm-none-eabi/lib/thumb/v6-m/nofp\libc_nano.a(libc_a-vsnprintf.o)
                0x08006a3c                _vsniprintf_r
                0x08006a3c                _vsnprintf_r
 *fill*         0x08006a92        0x2 
 .text.vsnprintf
                0x08006a94       0x18 C:/ST/STM32CubeIDE_1.16.1/STM32CubeIDE/plugins/com.st.stm32cube.ide.mcu.externaltools.gnu-tools-for-stm32.12.3.rel1.win32_1.0.200.202406191623/tools/bin/../lib/gcc/arm-none-eabi/12.3.1/../../../../arm-none-eabi/lib/thumb/v6-m/nofp\libc_nano.a(libc_a-vsnprintf.o)
                0x08006a94                vsniprintf
                0x08006a94                vsnprintf
 .text.memset   0x08006aac       0x10 C:/ST/STM32CubeIDE_1.16.1/STM32CubeIDE/plugins/com.st.stm32cube.ide.mcu.externaltools.gnu-tools-for-stm32.12.3.rel1.win32_1.0.200.202406191623/tools/bin/../lib/gcc/arm-none-eabi/12.3.1/../../../../arm-none-eabi/lib/thumb/v6-m/nofp\libc_nano.a(libc_a-memset.o)
                0x08006aac                memset
 .text.__errno  0x08006abc        0xc C:/ST/STM32CubeIDE_1.16.1/STM32CubeIDE/plugins/com.st.stm32cube.ide.mcu.externaltools.gnu-tools-for-stm32.12.3.rel1.win32_1.0.200.202406191623/tools/bin/../lib/gcc/arm-none-eabi/12.3.1/../../../../arm-none-eabi/lib/thumb/v6-m/nofp\libc_nano.a(libc_a-errno.o)
                0x08006abc                __errno
 .text.__libc_init_array
                0x08006ac8       0x48 C:/ST/STM32CubeIDE_1.16.1/STM32CubeIDE/plugins/com.st.stm32cube.ide.mcu.externaltools.gnu-tools-for-stm32.12.3.rel1.win32_1.0.200.202406191623/tools/bin/../lib/gcc/arm-none-eabi/12.3.1/../../../../arm-none-eabi/lib/thumb/v6-m/nofp\libc_nano.a(libc_a-init.o)
                0x08006ac8                __libc_init_array
 .text.__retarget_lock_acquire_recursive
                0x08006b10        0x2 C:/ST/STM32CubeIDE_1.16.1/STM32CubeIDE/plugins/com.st.stm32cube.ide.mcu.externaltools.gnu-tools-for-stm32.12.3.rel1.win32_1.0.200.202406191623/tools/bin/../lib/gcc/arm-none-eabi/12.3.1/../../../../arm-none-eabi/lib/thumb/v6-m/nofp\libc_nano.a(libc_a-lock.o)
                0x08006b10                __retarget_lock_acquire_recursive
 .text.__retarget_lock_release_recursive
                0x08006b12        0x2 C:/ST/STM32CubeIDE_1.16.1/STM32CubeIDE/plugins/com.st.stm32cube.ide.mcu.externaltools.gnu-tools-for-stm32.12.3.rel1.win32_1.0.200.202406191623/tools/bin/../lib/gcc/arm-none-eabi/12.3.1/../../../../arm-none-eabi/lib/thumb/v6-m/nofp\libc_nano.a(libc_a-lock.o)
                0x08006b12                __retarget_lock_release_recursive
 .text._free_r  0x08006b14       0x94 C:/ST/STM32CubeIDE_1.16.1/STM32CubeIDE/plugins/com.st.stm32cube.ide.mcu.externaltools.gnu-tools-for-stm32.12.3.rel1.win32_1.0.200.202406191623/tools/bin/../lib/gcc/arm-none-eabi/12.3.1/../../../../arm-none-eabi/lib/thumb/v6-m/nofp\libc_nano.a(libc_a-freer.o)
                0x08006b14                _free_r
 .text.sbrk_aligned
                0x08006ba8       0x44 C:/ST/STM32CubeIDE_1.16.1/STM32CubeIDE/plugins/com.st.stm32cube.ide.mcu.externaltools.gnu-tools-for-stm32.12.3.rel1.win32_1.0.200.202406191623/tools/bin/../lib/gcc/arm-none-eabi/12.3.1/../../../../arm-none-eabi/lib/thumb/v6-m/nofp\libc_nano.a(libc_a-mallocr.o)
 .text._malloc_r
                0x08006bec      0x100 C:/ST/STM32CubeIDE_1.16.1/STM32CubeIDE/plugins/com.st.stm32cube.ide.mcu.externaltools.gnu-tools-for-stm32.12.3.rel1.win32_1.0.200.202406191623/tools/bin/../lib/gcc/arm-none-eabi/12.3.1/../../../../arm-none-eabi/lib/thumb/v6-m/nofp\libc_nano.a(libc_a-mallocr.o)
                0x08006bec                _malloc_r
 .text.__malloc_lock
                0x08006cec       0x10 C:/ST/STM32CubeIDE_1.16.1/STM32CubeIDE/plugins/com.st.stm32cube.ide.mcu.externaltools.gnu-tools-for-stm32.12.3.rel1.win32_1.0.200.202406191623/tools/bin/../lib/gcc/arm-none-eabi/12.3.1/../../../../arm-none-eabi/lib/thumb/v6-m/nofp\libc_nano.a(libc_a-mlock.o)
                0x08006cec                __malloc_lock
 .text.__malloc_unlock
                0x08006cfc       0x10 C:/ST/STM32CubeIDE_1.16.1/STM32CubeIDE/plugins/com.st.stm32cube.ide.mcu.externaltools.gnu-tools-for-stm32.12.3.rel1.win32_1.0.200.202406191623/tools/bin/../lib/gcc/arm-none-eabi/12.3.1/../../../../arm-none-eabi/lib/thumb/v6-m/nofp\libc_nano.a(libc_a-mlock.o)
                0x08006cfc                __malloc_unlock
 .text.__ssputs_r
                0x08006d0c       0xc0 C:/ST/STM32CubeIDE_1.16.1/STM32CubeIDE/plugins/com.st.stm32cube.ide.mcu.externaltools.gnu-tools-for-stm32.12.3.rel1.win32_1.0.200.202406191623/tools/bin/../lib/gcc/arm-none-eabi/12.3.1/../../../../arm-none-eabi/lib/thumb/v6-m/nofp\libc_nano.a(libc_a-nano-svfprintf.o)
                0x08006d0c                __ssputs_r
 .text._svfprintf_r
                0x08006dcc      0x1fc C:/ST/STM32CubeIDE_1.16.1/STM32CubeIDE/plugins/com.st.stm32cube.ide.mcu.externaltools.gnu-tools-for-stm32.12.3.rel1.win32_1.0.200.202406191623/tools/bin/../lib/gcc/arm-none-eabi/12.3.1/../../../../arm-none-eabi/lib/thumb/v6-m/nofp\libc_nano.a(libc_a-nano-svfprintf.o)
                0x08006dcc                _svfiprintf_r
                0x08006dcc                _svfprintf_r
 .text._printf_common
                0x08006fc8       0xde C:/ST/STM32CubeIDE_1.16.1/STM32CubeIDE/plugins/com.st.stm32cube.ide.mcu.externaltools.gnu-tools-for-stm32.12.3.rel1.win32_1.0.200.202406191623/tools/bin/../lib/gcc/arm-none-eabi/12.3.1/../../../../arm-none-eabi/lib/thumb/v6-m/nofp\libc_nano.a(libc_a-nano-vfprintf_i.o)
                0x08006fc8                _printf_common
 *fill*         0x080070a6        0x2 
 .text._printf_i
                0x080070a8      0x21c C:/ST/STM32CubeIDE_1.16.1/STM32CubeIDE/plugins/com.st.stm32cube.ide.mcu.externaltools.gnu-tools-for-stm32.12.3.rel1.win32_1.0.200.202406191623/tools/bin/../lib/gcc/arm-none-eabi/12.3.1/../../../../arm-none-eabi/lib/thumb/v6-m/nofp\libc_nano.a(libc_a-nano-vfprintf_i.o)
                0x080070a8                _printf_i
 .text.memmove  0x080072c4       0x26 C:/ST/STM32CubeIDE_1.16.1/STM32CubeIDE/plugins/com.st.stm32cube.ide.mcu.externaltools.gnu-tools-for-stm32.12.3.rel1.win32_1.0.200.202406191623/tools/bin/../lib/gcc/arm-none-eabi/12.3.1/../../../../arm-none-eabi/lib/thumb/v6-m/nofp\libc_nano.a(libc_a-memmove.o)
                0x080072c4                memmove
 *fill*         0x080072ea        0x2 
 .text._sbrk_r  0x080072ec       0x24 C:/ST/STM32CubeIDE_1.16.1/STM32CubeIDE/plugins/com.st.stm32cube.ide.mcu.externaltools.gnu-tools-for-stm32.12.3.rel1.win32_1.0.200.202406191623/tools/bin/../lib/gcc/arm-none-eabi/12.3.1/../../../../arm-none-eabi/lib/thumb/v6-m/nofp\libc_nano.a(libc_a-sbrkr.o)
                0x080072ec                _sbrk_r
 .text.memchr   0x08007310       0x16 C:/ST/STM32CubeIDE_1.16.1/STM32CubeIDE/plugins/com.st.stm32cube.ide.mcu.externaltools.gnu-tools-for-stm32.12.3.rel1.win32_1.0.200.202406191623/tools/bin/../lib/gcc/arm-none-eabi/12.3.1/../../../../arm-none-eabi/lib/thumb/v6-m/nofp\libc_nano.a(libc_a-memchr-stub.o)
                0x08007310                memchr
 .text.memcpy   0x08007326       0x12 C:/ST/STM32CubeIDE_1.16.1/STM32CubeIDE/plugins/com.st.stm32cube.ide.mcu.externaltools.gnu-tools-for-stm32.12.3.rel1.win32_1.0.200.202406191623/tools/bin/../lib/gcc/arm-none-eabi/12.3.1/../../../../arm-none-eabi/lib/thumb/v6-m/nofp\libc_nano.a(libc_a-memcpy-stub.o)
                0x08007326                memcpy
 .text._realloc_r
                0x08007338       0x5e C:/ST/STM32CubeIDE_1.16.1/STM32CubeIDE/plugins/com.st.stm32cube.ide.mcu.externaltools.gnu-tools-for-stm32.12.3.rel1.win32_1.0.200.202406191623/tools/bin/../lib/gcc/arm-none-eabi/12.3.1/../../../../arm-none-eabi/lib/thumb/v6-m/nofp\libc_nano.a(libc_a-reallocr.o)
                0x08007338                _realloc_r
 .text._malloc_usable_size_r
                0x08007396       0x10 C:/ST/STM32CubeIDE_1.16.1/STM32CubeIDE/plugins/com.st.stm32cube.ide.mcu.externaltools.gnu-tools-for-stm32.12.3.rel1.win32_1.0.200.202406191623/tools/bin/../lib/gcc/arm-none-eabi/12.3.1/../../../../arm-none-eabi/lib/thumb/v6-m/nofp\libc_nano.a(libc_a-msizer.o)
                0x08007396                _malloc_usable_size_r
 *fill*         0x080073a6        0x2 
 .text.roundf   0x080073a8       0x48 C:/ST/STM32CubeIDE_1.16.1/STM32CubeIDE/plugins/com.st.stm32cube.ide.mcu.externaltools.gnu-tools-for-stm32.12.3.rel1.win32_1.0.200.202406191623/tools/bin/../lib/gcc/arm-none-eabi/12.3.1/../../../../arm-none-eabi/lib/thumb/v6-m/nofp\libm.a(libm_a-sf_round.o)
                0x080073a8                roundf
 *(.glue_7)
 .glue_7        0x080073f0        0x0 linker stubs
 *(.glue_7t)
 .glue_7t       0x080073f0        0x0 linker stubs
 *(.eh_frame)
 .eh_frame      0x080073f0        0x0 C:/ST/STM32CubeIDE_1.16.1/STM32CubeIDE/plugins/com.st.stm32cube.ide.mcu.externaltools.gnu-tools-for-stm32.12.3.rel1.win32_1.0.200.202406191623/tools/bin/../lib/gcc/arm-none-eabi/12.3.1/thumb/v6-m/nofp/crtbegin.o
 *(.init)
 .init          0x080073f0        0x4 C:/ST/STM32CubeIDE_1.16.1/STM32CubeIDE/plugins/com.st.stm32cube.ide.mcu.externaltools.gnu-tools-for-stm32.12.3.rel1.win32_1.0.200.202406191623/tools/bin/../lib/gcc/arm-none-eabi/12.3.1/thumb/v6-m/nofp/crti.o
                0x080073f0                _init
 .init          0x080073f4        0x8 C:/ST/STM32CubeIDE_1.16.1/STM32CubeIDE/plugins/com.st.stm32cube.ide.mcu.externaltools.gnu-tools-for-stm32.12.3.rel1.win32_1.0.200.202406191623/tools/bin/../lib/gcc/arm-none-eabi/12.3.1/thumb/v6-m/nofp/crtn.o
 *(.fini)
 .fini          0x080073fc        0x4 C:/ST/STM32CubeIDE_1.16.1/STM32CubeIDE/plugins/com.st.stm32cube.ide.mcu.externaltools.gnu-tools-for-stm32.12.3.rel1.win32_1.0.200.202406191623/tools/bin/../lib/gcc/arm-none-eabi/12.3.1/thumb/v6-m/nofp/crti.o
                0x080073fc                _fini
 .fini          0x08007400        0x8 C:/ST/STM32CubeIDE_1.16.1/STM32CubeIDE/plugins/com.st.stm32cube.ide.mcu.externaltools.gnu-tools-for-stm32.12.3.rel1.win32_1.0.200.202406191623/tools/bin/../lib/gcc/arm-none-eabi/12.3.1/thumb/v6-m/nofp/crtn.o
                0x08007408                        . = ALIGN (0x4)
                0x08007408                        _etext = .

.vfp11_veneer   0x08007408        0x0
 .vfp11_veneer  0x08007408        0x0 linker stubs

.v4_bx          0x08007408        0x0
 .v4_bx         0x08007408        0x0 linker stubs

.iplt           0x08007408        0x0
 .iplt          0x08007408        0x0 C:/ST/STM32CubeIDE_1.16.1/STM32CubeIDE/plugins/com.st.stm32cube.ide.mcu.externaltools.gnu-tools-for-stm32.12.3.rel1.win32_1.0.200.202406191623/tools/bin/../lib/gcc/arm-none-eabi/12.3.1/thumb/v6-m/nofp/crtbegin.o

.rodata         0x08007408      0x788
                0x08007408                        . = ALIGN (0x4)
 *(.rodata)
 .rodata        0x08007408       0x24 ./Core/Src/hardware_profile.o
 .rodata        0x0800742c       0x6d ./Core/Src/main.o
 *fill*         0x08007499        0x3 
 .rodata        0x0800749c       0x20 ./Core/Src/sound_measurement.o
 .rodata        0x080074bc       0x1b ./Core/Src/stm32l0xx_it.o
 *fill*         0x080074d7        0x1 
 .rodata        0x080074d8       0x7c C:/ST/STM32CubeIDE_1.16.1/STM32CubeIDE/plugins/com.st.stm32cube.ide.mcu.externaltools.gnu-tools-for-stm32.12.3.rel1.win32_1.0.200.202406191623/tools/bin/../lib/gcc/arm-none-eabi/12.3.1/thumb/v6-m/nofp\libgcc.a(divsf3.o)
 *(.rodata*)
 .rodata.LUT10log10
                0x08007554       0x80 ./Core/Src/efficient_10log10.o
 .rodata.__func__.0
                0x080075d4        0x5 ./Core/Src/main.o
 *fill*         0x080075d9        0x3 
 .rodata.tenlog10SF_int_Fs15625_128
                0x080075dc        0x4 ./Core/Src/sound_LUTs.o
                0x080075dc                tenlog10SF_int_Fs15625_128
 .rodata.tenlog10SF_frac_Fs15625_128
                0x080075e0        0x4 ./Core/Src/sound_LUTs.o
                0x080075e0                tenlog10SF_frac_Fs15625_128
 .rodata.sqWsc_Fs15625_128
                0x080075e4       0x80 ./Core/Src/sound_LUTs.o
                0x080075e4                sqWsc_Fs15625_128
 .rodata.bandIDs_Fs15625_128
                0x08007664       0x40 ./Core/Src/sound_LUTs.o
                0x08007664                bandIDs_Fs15625_128
 .rodata.a0     0x080076a4        0x4 ./Core/Src/sound_measurement.o
                0x080076a4                a0
 .rodata.b      0x080076a8        0x4 ./Core/Src/sound_measurement.o
                0x080076a8                b
 .rodata.__func__.3
                0x080076ac       0x16 ./Core/Src/sound_measurement.o
 *fill*         0x080076c2        0x2 
 .rodata.__func__.3
                0x080076c4        0xc ./Core/Src/stm32l0xx_it.o
 .rodata.__func__.2
                0x080076d0       0x12 ./Core/Src/stm32l0xx_it.o
 *fill*         0x080076e2        0x2 
 .rodata.__func__.1
                0x080076e4        0xc ./Core/Src/stm32l0xx_it.o
 .rodata.__func__.0
                0x080076f0        0xf ./Core/Src/stm32l0xx_it.o
 *fill*         0x080076ff        0x1 
 .rodata.AHBPrescTable
                0x08007700       0x10 ./Core/Src/system_stm32l0xx.o
                0x08007700                AHBPrescTable
 .rodata.APBPrescTable
                0x08007710        0x8 ./Core/Src/system_stm32l0xx.o
                0x08007710                APBPrescTable
 .rodata.PLLMulTable
                0x08007718        0x9 ./Core/Src/system_stm32l0xx.o
                0x08007718                PLLMulTable
 *fill*         0x08007721        0x3 
 .rodata.UART_SetConfig
                0x08007724       0x48 ./Drivers/STM32L0xx_HAL_Driver/Src/stm32l0xx_hal_uart.o
 .rodata.arm_cfft_sR_q31_len128
                0x0800776c       0x10 C:\Users\itsme\OneDrive\Documenten\GitHub\db meter port tmr6 16MHz\Drivers\CMSIS\Lib\GCC\libarm_cortexM0l_math.a(arm_const_structs.o)
                0x0800776c                arm_cfft_sR_q31_len128
 .rodata.armBitRevIndexTable_fixed_128
                0x0800777c       0xe0 C:\Users\itsme\OneDrive\Documenten\GitHub\db meter port tmr6 16MHz\Drivers\CMSIS\Lib\GCC\libarm_cortexM0l_math.a(arm_common_tables.o)
                0x0800777c                armBitRevIndexTable_fixed_128
 .rodata.twiddleCoef_128_q31
                0x0800785c      0x300 C:\Users\itsme\OneDrive\Documenten\GitHub\db meter port tmr6 16MHz\Drivers\CMSIS\Lib\GCC\libarm_cortexM0l_math.a(arm_common_tables.o)
                0x0800785c                twiddleCoef_128_q31
 .rodata._svfprintf_r.str1.1
                0x08007b5c       0x11 C:/ST/STM32CubeIDE_1.16.1/STM32CubeIDE/plugins/com.st.stm32cube.ide.mcu.externaltools.gnu-tools-for-stm32.12.3.rel1.win32_1.0.200.202406191623/tools/bin/../lib/gcc/arm-none-eabi/12.3.1/../../../../arm-none-eabi/lib/thumb/v6-m/nofp\libc_nano.a(libc_a-nano-svfprintf.o)
 .rodata._printf_i.str1.1
                0x08007b6d       0x22 C:/ST/STM32CubeIDE_1.16.1/STM32CubeIDE/plugins/com.st.stm32cube.ide.mcu.externaltools.gnu-tools-for-stm32.12.3.rel1.win32_1.0.200.202406191623/tools/bin/../lib/gcc/arm-none-eabi/12.3.1/../../../../arm-none-eabi/lib/thumb/v6-m/nofp\libc_nano.a(libc_a-nano-vfprintf_i.o)
                0x08007b90                        . = ALIGN (0x4)
 *fill*         0x08007b8f        0x1 

.ARM.extab      0x08007b90        0x0
                0x08007b90                        . = ALIGN (0x4)
 *(.ARM.extab* .gnu.linkonce.armextab.*)
                0x08007b90                        . = ALIGN (0x4)

.ARM            0x08007b90        0x8
                0x08007b90                        . = ALIGN (0x4)
                0x08007b90                        __exidx_start = .
 *(.ARM.exidx*)
 .ARM.exidx     0x08007b90        0x8 C:/ST/STM32CubeIDE_1.16.1/STM32CubeIDE/plugins/com.st.stm32cube.ide.mcu.externaltools.gnu-tools-for-stm32.12.3.rel1.win32_1.0.200.202406191623/tools/bin/../lib/gcc/arm-none-eabi/12.3.1/thumb/v6-m/nofp\libgcc.a(_udivmoddi4.o)
                0x08007b98                        __exidx_end = .
                0x08007b98                        . = ALIGN (0x4)

.preinit_array  0x08007b98        0x0
                0x08007b98                        . = ALIGN (0x4)
                0x08007b98                        PROVIDE (__preinit_array_start = .)
 *(.preinit_array*)
                0x08007b98                        PROVIDE (__preinit_array_end = .)
                0x08007b98                        . = ALIGN (0x4)

.init_array     0x08007b98        0x4
                0x08007b98                        . = ALIGN (0x4)
                0x08007b98                        PROVIDE (__init_array_start = .)
 *(SORT_BY_NAME(.init_array.*))
 *(.init_array*)
 .init_array    0x08007b98        0x4 C:/ST/STM32CubeIDE_1.16.1/STM32CubeIDE/plugins/com.st.stm32cube.ide.mcu.externaltools.gnu-tools-for-stm32.12.3.rel1.win32_1.0.200.202406191623/tools/bin/../lib/gcc/arm-none-eabi/12.3.1/thumb/v6-m/nofp/crtbegin.o
                0x08007b9c                        PROVIDE (__init_array_end = .)
                0x08007b9c                        . = ALIGN (0x4)

.fini_array     0x08007b9c        0x4
                0x08007b9c                        . = ALIGN (0x4)
                [!provide]                        PROVIDE (__fini_array_start = .)
 *(SORT_BY_NAME(.fini_array.*))
 *(.fini_array*)
 .fini_array    0x08007b9c        0x4 C:/ST/STM32CubeIDE_1.16.1/STM32CubeIDE/plugins/com.st.stm32cube.ide.mcu.externaltools.gnu-tools-for-stm32.12.3.rel1.win32_1.0.200.202406191623/tools/bin/../lib/gcc/arm-none-eabi/12.3.1/thumb/v6-m/nofp/crtbegin.o
                [!provide]                        PROVIDE (__fini_array_end = .)
                0x08007ba0                        . = ALIGN (0x4)
                0x08007ba0                        _sidata = LOADADDR (.data)

.rel.dyn        0x08007ba0        0x0
 .rel.iplt      0x08007ba0        0x0 C:/ST/STM32CubeIDE_1.16.1/STM32CubeIDE/plugins/com.st.stm32cube.ide.mcu.externaltools.gnu-tools-for-stm32.12.3.rel1.win32_1.0.200.202406191623/tools/bin/../lib/gcc/arm-none-eabi/12.3.1/thumb/v6-m/nofp/crtbegin.o

.data           0x20000000       0x70 load address 0x08007ba0
                0x20000000                        . = ALIGN (0x4)
                0x20000000                        _sdata = .
 *(.data)
 *(.data*)
 .data.fftInstance
                0x20000000        0x4 ./Core/Src/sound_measurement.o
                0x20000000                fftInstance
 .data.sqWsc    0x20000004        0x4 ./Core/Src/sound_measurement.o
                0x20000004                sqWsc
 .data.tenlog10SF_int
                0x20000008        0x4 ./Core/Src/sound_measurement.o
                0x20000008                tenlog10SF_int
 .data.tenlog10SF_frac
                0x2000000c        0x4 ./Core/Src/sound_measurement.o
                0x2000000c                tenlog10SF_frac
 .data.bandIDs  0x20000010        0x4 ./Core/Src/sound_measurement.o
                0x20000010                bandIDs
 .data.SystemCoreClock
                0x20000014        0x4 ./Core/Src/system_stm32l0xx.o
                0x20000014                SystemCoreClock
 .data.uwTickPrio
                0x20000018        0x4 ./Drivers/STM32L0xx_HAL_Driver/Src/stm32l0xx_hal.o
                0x20000018                uwTickPrio
 .data.uwTickFreq
                0x2000001c        0x1 ./Drivers/STM32L0xx_HAL_Driver/Src/stm32l0xx_hal.o
                0x2000001c                uwTickFreq
 *fill*         0x2000001d        0x3 
 .data._impure_ptr
                0x20000020        0x4 C:/ST/STM32CubeIDE_1.16.1/STM32CubeIDE/plugins/com.st.stm32cube.ide.mcu.externaltools.gnu-tools-for-stm32.12.3.rel1.win32_1.0.200.202406191623/tools/bin/../lib/gcc/arm-none-eabi/12.3.1/../../../../arm-none-eabi/lib/thumb/v6-m/nofp\libc_nano.a(libc_a-impure.o)
                0x20000020                _impure_ptr
 .data._impure_data
                0x20000024       0x4c C:/ST/STM32CubeIDE_1.16.1/STM32CubeIDE/plugins/com.st.stm32cube.ide.mcu.externaltools.gnu-tools-for-stm32.12.3.rel1.win32_1.0.200.202406191623/tools/bin/../lib/gcc/arm-none-eabi/12.3.1/../../../../arm-none-eabi/lib/thumb/v6-m/nofp\libc_nano.a(libc_a-impure.o)
                0x20000024                _impure_data
 *(.RamFunc)
 *(.RamFunc*)
                0x20000070                        . = ALIGN (0x4)
                0x20000070                        _edata = .

.igot.plt       0x20000070        0x0 load address 0x08007c10
 .igot.plt      0x20000070        0x0 C:/ST/STM32CubeIDE_1.16.1/STM32CubeIDE/plugins/com.st.stm32cube.ide.mcu.externaltools.gnu-tools-for-stm32.12.3.rel1.win32_1.0.200.202406191623/tools/bin/../lib/gcc/arm-none-eabi/12.3.1/thumb/v6-m/nofp/crtbegin.o
                0x20000070                        . = ALIGN (0x4)

.bss            0x20000070     0x1350 load address 0x08007c10
                0x20000070                        _sbss = .
                0x20000070                        __bss_start__ = _sbss
 *(.bss)
 .bss           0x20000070       0x1c C:/ST/STM32CubeIDE_1.16.1/STM32CubeIDE/plugins/com.st.stm32cube.ide.mcu.externaltools.gnu-tools-for-stm32.12.3.rel1.win32_1.0.200.202406191623/tools/bin/../lib/gcc/arm-none-eabi/12.3.1/thumb/v6-m/nofp/crtbegin.o
 *(.bss*)
 .bss.hi2s2     0x2000008c       0x3c ./Core/Src/main.o
                0x2000008c                hi2s2
 .bss.hdma_spi2_rx
                0x200000c8       0x48 ./Core/Src/main.o
                0x200000c8                hdma_spi2_rx
 .bss.htim6     0x20000110       0x40 ./Core/Src/main.o
                0x20000110                htim6
 .bss.huart1    0x20000150       0x88 ./Core/Src/main.o
                0x20000150                huart1
 .bss.strbuf    0x200001d8      0x200 ./Core/Src/print_functions.o
 .bss.micEnabled
                0x200003d8        0x1 ./Core/Src/sound_measurement.o
 .bss.SPLcalcEnabled
                0x200003d9        0x1 ./Core/Src/sound_measurement.o
 .bss.DMAinterruptEnabled
                0x200003da        0x1 ./Core/Src/sound_measurement.o
 .bss.SPLcalcComplete
                0x200003db        0x1 ./Core/Src/sound_measurement.o
 .bss.amplitudeSettlingPeriods
                0x200003dc        0x4 ./Core/Src/sound_measurement.o
 .bss.maximumAmplitude
                0x200003e0        0x4 ./Core/Src/sound_measurement.o
 .bss.SPL_int   0x200003e4        0x4 ./Core/Src/sound_measurement.o
 .bss.SPL_frac_1dp
                0x200003e8        0x4 ./Core/Src/sound_measurement.o
 .bss.bandSPL_int
                0x200003ec       0x18 ./Core/Src/sound_measurement.o
 .bss.bandSPL_frac_1dp
                0x20000404       0x18 ./Core/Src/sound_measurement.o
 .bss.dmaBuffer
                0x2000041c      0x800 ./Core/Src/sound_measurement.o
 .bss.dataBuffer
                0x20000c1c      0x200 ./Core/Src/sound_measurement.o
 .bss.htim6     0x20000e1c        0x4 ./Core/Src/sound_measurement.o
 .bss.hi2s2     0x20000e20        0x4 ./Core/Src/sound_measurement.o
 .bss.hdma_spi2_rx
                0x20000e24        0x4 ./Core/Src/sound_measurement.o
 .bss.DMA_Channel_IRQn
                0x20000e28        0x1 ./Core/Src/sound_measurement.o
 *fill*         0x20000e29        0x3 
 .bss.spl_int_sum
                0x20000e2c        0x4 ./Core/Src/sound_measurement.o
 .bss.spl_frac1dp_sum
                0x20000e30        0x4 ./Core/Src/sound_measurement.o
 .bss.band_spl_int_sum
                0x20000e34       0x18 ./Core/Src/sound_measurement.o
 .bss.band_spl_frac1dp_sum
                0x20000e4c       0x18 ./Core/Src/sound_measurement.o
 .bss.spl_sum_count
                0x20000e64        0x4 ./Core/Src/sound_measurement.o
 .bss.FFTdata.2
                0x20000e68      0x400 ./Core/Src/sound_measurement.o
 .bss.filtered.1
                0x20001268        0x4 ./Core/Src/sound_measurement.o
 .bss.lastData.0
                0x2000126c        0x4 ./Core/Src/sound_measurement.o
 .bss.__sbrk_heap_end
                0x20001270        0x4 ./Core/Src/sysmem.o
 .bss.uwTick    0x20001274        0x4 ./Drivers/STM32L0xx_HAL_Driver/Src/stm32l0xx_hal.o
                0x20001274                uwTick
 .bss.__sf      0x20001278      0x138 C:/ST/STM32CubeIDE_1.16.1/STM32CubeIDE/plugins/com.st.stm32cube.ide.mcu.externaltools.gnu-tools-for-stm32.12.3.rel1.win32_1.0.200.202406191623/tools/bin/../lib/gcc/arm-none-eabi/12.3.1/../../../../arm-none-eabi/lib/thumb/v6-m/nofp\libc_nano.a(libc_a-findfp.o)
                0x20001278                __sf
 .bss.errno     0x200013b0        0x4 C:/ST/STM32CubeIDE_1.16.1/STM32CubeIDE/plugins/com.st.stm32cube.ide.mcu.externaltools.gnu-tools-for-stm32.12.3.rel1.win32_1.0.200.202406191623/tools/bin/../lib/gcc/arm-none-eabi/12.3.1/../../../../arm-none-eabi/lib/thumb/v6-m/nofp\libc_nano.a(libc_a-reent.o)
                0x200013b0                errno
 .bss.__lock___malloc_recursive_mutex
                0x200013b4        0x1 C:/ST/STM32CubeIDE_1.16.1/STM32CubeIDE/plugins/com.st.stm32cube.ide.mcu.externaltools.gnu-tools-for-stm32.12.3.rel1.win32_1.0.200.202406191623/tools/bin/../lib/gcc/arm-none-eabi/12.3.1/../../../../arm-none-eabi/lib/thumb/v6-m/nofp\libc_nano.a(libc_a-lock.o)
                0x200013b4                __lock___malloc_recursive_mutex
 *fill*         0x200013b5        0x3 
 .bss.__malloc_sbrk_start
                0x200013b8        0x4 C:/ST/STM32CubeIDE_1.16.1/STM32CubeIDE/plugins/com.st.stm32cube.ide.mcu.externaltools.gnu-tools-for-stm32.12.3.rel1.win32_1.0.200.202406191623/tools/bin/../lib/gcc/arm-none-eabi/12.3.1/../../../../arm-none-eabi/lib/thumb/v6-m/nofp\libc_nano.a(libc_a-mallocr.o)
                0x200013b8                __malloc_sbrk_start
 .bss.__malloc_free_list
                0x200013bc        0x4 C:/ST/STM32CubeIDE_1.16.1/STM32CubeIDE/plugins/com.st.stm32cube.ide.mcu.externaltools.gnu-tools-for-stm32.12.3.rel1.win32_1.0.200.202406191623/tools/bin/../lib/gcc/arm-none-eabi/12.3.1/../../../../arm-none-eabi/lib/thumb/v6-m/nofp\libc_nano.a(libc_a-mallocr.o)
                0x200013bc                __malloc_free_list
 *(COMMON)
                0x200013c0                        . = ALIGN (0x4)
                0x200013c0                        _ebss = .
                0x200013c0                        __bss_end__ = _ebss

._user_heap_stack
                0x200013c0      0x500 load address 0x08007c10
                0x200013c0                        . = ALIGN (0x8)
                [!provide]                        PROVIDE (end = .)
                0x200013c0                        PROVIDE (_end = .)
                0x200014c0                        . = (. + _Min_Heap_Size)
 *fill*         0x200013c0      0x100 
                0x200018c0                        . = (. + _Min_Stack_Size)
 *fill*         0x200014c0      0x400 
                0x200018c0                        . = ALIGN (0x8)

/DISCARD/
 libc.a(*)
 libm.a(*)
 libgcc.a(*)

.ARM.attributes
                0x00000000       0x28
 *(.ARM.attributes)
 .ARM.attributes
                0x00000000       0x1e C:/ST/STM32CubeIDE_1.16.1/STM32CubeIDE/plugins/com.st.stm32cube.ide.mcu.externaltools.gnu-tools-for-stm32.12.3.rel1.win32_1.0.200.202406191623/tools/bin/../lib/gcc/arm-none-eabi/12.3.1/thumb/v6-m/nofp/crti.o
 .ARM.attributes
                0x0000001e       0x2c C:/ST/STM32CubeIDE_1.16.1/STM32CubeIDE/plugins/com.st.stm32cube.ide.mcu.externaltools.gnu-tools-for-stm32.12.3.rel1.win32_1.0.200.202406191623/tools/bin/../lib/gcc/arm-none-eabi/12.3.1/thumb/v6-m/nofp/crtbegin.o
 .ARM.attributes
                0x0000004a       0x2c ./Core/Src/efficient_10log10.o
 .ARM.attributes
                0x00000076       0x2c ./Core/Src/hardware_profile.o
 .ARM.attributes
                0x000000a2       0x2c ./Core/Src/main.o
 .ARM.attributes
                0x000000ce       0x2c ./Core/Src/print_functions.o
 .ARM.attributes
                0x000000fa       0x2c ./Core/Src/sound_LUTs.o
 .ARM.attributes
                0x00000126       0x2c ./Core/Src/sound_measurement.o
 .ARM.attributes
                0x00000152       0x2c ./Core/Src/sound_utilities.o
 .ARM.attributes
                0x0000017e       0x2c ./Core/Src/stm32l0xx_hal_msp.o
 .ARM.attributes
                0x000001aa       0x2c ./Core/Src/stm32l0xx_it.o
 .ARM.attributes
                0x000001d6       0x2c ./Core/Src/sysmem.o
 .ARM.attributes
                0x00000202       0x2c ./Core/Src/system_stm32l0xx.o
 .ARM.attributes
                0x0000022e       0x22 ./Core/Startup/startup_stm32l072rztx.o
 .ARM.attributes
                0x00000250       0x2c ./Drivers/STM32L0xx_HAL_Driver/Src/stm32l0xx_hal.o
 .ARM.attributes
                0x0000027c       0x2c ./Drivers/STM32L0xx_HAL_Driver/Src/stm32l0xx_hal_cortex.o
 .ARM.attributes
                0x000002a8       0x2c ./Drivers/STM32L0xx_HAL_Driver/Src/stm32l0xx_hal_dma.o
 .ARM.attributes
                0x000002d4       0x2c ./Drivers/STM32L0xx_HAL_Driver/Src/stm32l0xx_hal_gpio.o
 .ARM.attributes
                0x00000300       0x2c ./Drivers/STM32L0xx_HAL_Driver/Src/stm32l0xx_hal_i2s.o
 .ARM.attributes
                0x0000032c       0x2c ./Drivers/STM32L0xx_HAL_Driver/Src/stm32l0xx_hal_rcc.o
 .ARM.attributes
                0x00000358       0x2c ./Drivers/STM32L0xx_HAL_Driver/Src/stm32l0xx_hal_rcc_ex.o
 .ARM.attributes
                0x00000384       0x2c ./Drivers/STM32L0xx_HAL_Driver/Src/stm32l0xx_hal_tim.o
 .ARM.attributes
                0x000003b0       0x2c ./Drivers/STM32L0xx_HAL_Driver/Src/stm32l0xx_hal_tim_ex.o
 .ARM.attributes
                0x000003dc       0x2c ./Drivers/STM32L0xx_HAL_Driver/Src/stm32l0xx_hal_uart.o
 .ARM.attributes
                0x00000408       0x31 C:\Users\itsme\OneDrive\Documenten\GitHub\db meter port tmr6 16MHz\Drivers\CMSIS\Lib\GCC\libarm_cortexM0l_math.a(arm_const_structs.o)
 .ARM.attributes
                0x00000439       0x31 C:\Users\itsme\OneDrive\Documenten\GitHub\db meter port tmr6 16MHz\Drivers\CMSIS\Lib\GCC\libarm_cortexM0l_math.a(arm_common_tables.o)
 .ARM.attributes
                0x0000046a       0x31 C:\Users\itsme\OneDrive\Documenten\GitHub\db meter port tmr6 16MHz\Drivers\CMSIS\Lib\GCC\libarm_cortexM0l_math.a(arm_cfft_q31.o)
 .ARM.attributes
                0x0000049b       0x21 C:\Users\itsme\OneDrive\Documenten\GitHub\db meter port tmr6 16MHz\Drivers\CMSIS\Lib\GCC\libarm_cortexM0l_math.a(arm_bitreversal2.o)
 .ARM.attributes
                0x000004bc       0x31 C:\Users\itsme\OneDrive\Documenten\GitHub\db meter port tmr6 16MHz\Drivers\CMSIS\Lib\GCC\libarm_cortexM0l_math.a(arm_cfft_radix4_q31.o)
 .ARM.attributes
                0x000004ed       0x31 C:\Users\itsme\OneDrive\Documenten\GitHub\db meter port tmr6 16MHz\Drivers\CMSIS\Lib\GCC\libarm_cortexM0l_math.a(arm_cmplx_mag_squared_q31.o)
 .ARM.attributes
                0x0000051e       0x31 C:\Users\itsme\OneDrive\Documenten\GitHub\db meter port tmr6 16MHz\Drivers\CMSIS\Lib\GCC\libarm_cortexM0l_math.a(arm_mult_q31.o)
 .ARM.attributes
                0x0000054f       0x31 C:\Users\itsme\OneDrive\Documenten\GitHub\db meter port tmr6 16MHz\Drivers\CMSIS\Lib\GCC\libarm_cortexM0l_math.a(arm_add_q31.o)
 .ARM.attributes
                0x00000580       0x2c C:/ST/STM32CubeIDE_1.16.1/STM32CubeIDE/plugins/com.st.stm32cube.ide.mcu.externaltools.gnu-tools-for-stm32.12.3.rel1.win32_1.0.200.202406191623/tools/bin/../lib/gcc/arm-none-eabi/12.3.1/../../../../arm-none-eabi/lib/thumb/v6-m/nofp\libc_nano.a(libc_a-findfp.o)
 .ARM.attributes
                0x000005ac       0x2c C:/ST/STM32CubeIDE_1.16.1/STM32CubeIDE/plugins/com.st.stm32cube.ide.mcu.externaltools.gnu-tools-for-stm32.12.3.rel1.win32_1.0.200.202406191623/tools/bin/../lib/gcc/arm-none-eabi/12.3.1/../../../../arm-none-eabi/lib/thumb/v6-m/nofp\libc_nano.a(libc_a-vsnprintf.o)
 .ARM.attributes
                0x000005d8       0x2c C:/ST/STM32CubeIDE_1.16.1/STM32CubeIDE/plugins/com.st.stm32cube.ide.mcu.externaltools.gnu-tools-for-stm32.12.3.rel1.win32_1.0.200.202406191623/tools/bin/../lib/gcc/arm-none-eabi/12.3.1/../../../../arm-none-eabi/lib/thumb/v6-m/nofp\libc_nano.a(libc_a-memset.o)
 .ARM.attributes
                0x00000604       0x2c C:/ST/STM32CubeIDE_1.16.1/STM32CubeIDE/plugins/com.st.stm32cube.ide.mcu.externaltools.gnu-tools-for-stm32.12.3.rel1.win32_1.0.200.202406191623/tools/bin/../lib/gcc/arm-none-eabi/12.3.1/../../../../arm-none-eabi/lib/thumb/v6-m/nofp\libc_nano.a(libc_a-reent.o)
 .ARM.attributes
                0x00000630       0x2c C:/ST/STM32CubeIDE_1.16.1/STM32CubeIDE/plugins/com.st.stm32cube.ide.mcu.externaltools.gnu-tools-for-stm32.12.3.rel1.win32_1.0.200.202406191623/tools/bin/../lib/gcc/arm-none-eabi/12.3.1/../../../../arm-none-eabi/lib/thumb/v6-m/nofp\libc_nano.a(libc_a-impure.o)
 .ARM.attributes
                0x0000065c       0x2c C:/ST/STM32CubeIDE_1.16.1/STM32CubeIDE/plugins/com.st.stm32cube.ide.mcu.externaltools.gnu-tools-for-stm32.12.3.rel1.win32_1.0.200.202406191623/tools/bin/../lib/gcc/arm-none-eabi/12.3.1/../../../../arm-none-eabi/lib/thumb/v6-m/nofp\libc_nano.a(libc_a-errno.o)
 .ARM.attributes
                0x00000688       0x2c C:/ST/STM32CubeIDE_1.16.1/STM32CubeIDE/plugins/com.st.stm32cube.ide.mcu.externaltools.gnu-tools-for-stm32.12.3.rel1.win32_1.0.200.202406191623/tools/bin/../lib/gcc/arm-none-eabi/12.3.1/../../../../arm-none-eabi/lib/thumb/v6-m/nofp\libc_nano.a(libc_a-init.o)
 .ARM.attributes
                0x000006b4       0x2c C:/ST/STM32CubeIDE_1.16.1/STM32CubeIDE/plugins/com.st.stm32cube.ide.mcu.externaltools.gnu-tools-for-stm32.12.3.rel1.win32_1.0.200.202406191623/tools/bin/../lib/gcc/arm-none-eabi/12.3.1/../../../../arm-none-eabi/lib/thumb/v6-m/nofp\libc_nano.a(libc_a-lock.o)
 .ARM.attributes
                0x000006e0       0x1c C:/ST/STM32CubeIDE_1.16.1/STM32CubeIDE/plugins/com.st.stm32cube.ide.mcu.externaltools.gnu-tools-for-stm32.12.3.rel1.win32_1.0.200.202406191623/tools/bin/../lib/gcc/arm-none-eabi/12.3.1/../../../../arm-none-eabi/lib/thumb/v6-m/nofp\libc_nano.a(libc_a-strlen.o)
 .ARM.attributes
                0x000006fc       0x2c C:/ST/STM32CubeIDE_1.16.1/STM32CubeIDE/plugins/com.st.stm32cube.ide.mcu.externaltools.gnu-tools-for-stm32.12.3.rel1.win32_1.0.200.202406191623/tools/bin/../lib/gcc/arm-none-eabi/12.3.1/../../../../arm-none-eabi/lib/thumb/v6-m/nofp\libc_nano.a(libc_a-freer.o)
 .ARM.attributes
                0x00000728       0x2c C:/ST/STM32CubeIDE_1.16.1/STM32CubeIDE/plugins/com.st.stm32cube.ide.mcu.externaltools.gnu-tools-for-stm32.12.3.rel1.win32_1.0.200.202406191623/tools/bin/../lib/gcc/arm-none-eabi/12.3.1/../../../../arm-none-eabi/lib/thumb/v6-m/nofp\libc_nano.a(libc_a-mallocr.o)
 .ARM.attributes
                0x00000754       0x2c C:/ST/STM32CubeIDE_1.16.1/STM32CubeIDE/plugins/com.st.stm32cube.ide.mcu.externaltools.gnu-tools-for-stm32.12.3.rel1.win32_1.0.200.202406191623/tools/bin/../lib/gcc/arm-none-eabi/12.3.1/../../../../arm-none-eabi/lib/thumb/v6-m/nofp\libc_nano.a(libc_a-mlock.o)
 .ARM.attributes
                0x00000780       0x2c C:/ST/STM32CubeIDE_1.16.1/STM32CubeIDE/plugins/com.st.stm32cube.ide.mcu.externaltools.gnu-tools-for-stm32.12.3.rel1.win32_1.0.200.202406191623/tools/bin/../lib/gcc/arm-none-eabi/12.3.1/../../../../arm-none-eabi/lib/thumb/v6-m/nofp\libc_nano.a(libc_a-nano-svfprintf.o)
 .ARM.attributes
                0x000007ac       0x2c C:/ST/STM32CubeIDE_1.16.1/STM32CubeIDE/plugins/com.st.stm32cube.ide.mcu.externaltools.gnu-tools-for-stm32.12.3.rel1.win32_1.0.200.202406191623/tools/bin/../lib/gcc/arm-none-eabi/12.3.1/../../../../arm-none-eabi/lib/thumb/v6-m/nofp\libc_nano.a(libc_a-nano-vfprintf_i.o)
 .ARM.attributes
                0x000007d8       0x2c C:/ST/STM32CubeIDE_1.16.1/STM32CubeIDE/plugins/com.st.stm32cube.ide.mcu.externaltools.gnu-tools-for-stm32.12.3.rel1.win32_1.0.200.202406191623/tools/bin/../lib/gcc/arm-none-eabi/12.3.1/../../../../arm-none-eabi/lib/thumb/v6-m/nofp\libc_nano.a(libc_a-memmove.o)
 .ARM.attributes
                0x00000804       0x2c C:/ST/STM32CubeIDE_1.16.1/STM32CubeIDE/plugins/com.st.stm32cube.ide.mcu.externaltools.gnu-tools-for-stm32.12.3.rel1.win32_1.0.200.202406191623/tools/bin/../lib/gcc/arm-none-eabi/12.3.1/../../../../arm-none-eabi/lib/thumb/v6-m/nofp\libc_nano.a(libc_a-sbrkr.o)
 .ARM.attributes
                0x00000830       0x2c C:/ST/STM32CubeIDE_1.16.1/STM32CubeIDE/plugins/com.st.stm32cube.ide.mcu.externaltools.gnu-tools-for-stm32.12.3.rel1.win32_1.0.200.202406191623/tools/bin/../lib/gcc/arm-none-eabi/12.3.1/../../../../arm-none-eabi/lib/thumb/v6-m/nofp\libc_nano.a(libc_a-memchr-stub.o)
 .ARM.attributes
                0x0000085c       0x2c C:/ST/STM32CubeIDE_1.16.1/STM32CubeIDE/plugins/com.st.stm32cube.ide.mcu.externaltools.gnu-tools-for-stm32.12.3.rel1.win32_1.0.200.202406191623/tools/bin/../lib/gcc/arm-none-eabi/12.3.1/../../../../arm-none-eabi/lib/thumb/v6-m/nofp\libc_nano.a(libc_a-memcpy-stub.o)
 .ARM.attributes
                0x00000888       0x2c C:/ST/STM32CubeIDE_1.16.1/STM32CubeIDE/plugins/com.st.stm32cube.ide.mcu.externaltools.gnu-tools-for-stm32.12.3.rel1.win32_1.0.200.202406191623/tools/bin/../lib/gcc/arm-none-eabi/12.3.1/../../../../arm-none-eabi/lib/thumb/v6-m/nofp\libc_nano.a(libc_a-reallocr.o)
 .ARM.attributes
                0x000008b4       0x2c C:/ST/STM32CubeIDE_1.16.1/STM32CubeIDE/plugins/com.st.stm32cube.ide.mcu.externaltools.gnu-tools-for-stm32.12.3.rel1.win32_1.0.200.202406191623/tools/bin/../lib/gcc/arm-none-eabi/12.3.1/../../../../arm-none-eabi/lib/thumb/v6-m/nofp\libc_nano.a(libc_a-msizer.o)
 .ARM.attributes
                0x000008e0       0x2c C:/ST/STM32CubeIDE_1.16.1/STM32CubeIDE/plugins/com.st.stm32cube.ide.mcu.externaltools.gnu-tools-for-stm32.12.3.rel1.win32_1.0.200.202406191623/tools/bin/../lib/gcc/arm-none-eabi/12.3.1/../../../../arm-none-eabi/lib/thumb/v6-m/nofp\libm.a(libm_a-sf_round.o)
 .ARM.attributes
                0x0000090c       0x1e C:/ST/STM32CubeIDE_1.16.1/STM32CubeIDE/plugins/com.st.stm32cube.ide.mcu.externaltools.gnu-tools-for-stm32.12.3.rel1.win32_1.0.200.202406191623/tools/bin/../lib/gcc/arm-none-eabi/12.3.1/thumb/v6-m/nofp\libgcc.a(_thumb1_case_shi.o)
 .ARM.attributes
                0x0000092a       0x1e C:/ST/STM32CubeIDE_1.16.1/STM32CubeIDE/plugins/com.st.stm32cube.ide.mcu.externaltools.gnu-tools-for-stm32.12.3.rel1.win32_1.0.200.202406191623/tools/bin/../lib/gcc/arm-none-eabi/12.3.1/thumb/v6-m/nofp\libgcc.a(_udivsi3.o)
 .ARM.attributes
                0x00000948       0x1e C:/ST/STM32CubeIDE_1.16.1/STM32CubeIDE/plugins/com.st.stm32cube.ide.mcu.externaltools.gnu-tools-for-stm32.12.3.rel1.win32_1.0.200.202406191623/tools/bin/../lib/gcc/arm-none-eabi/12.3.1/thumb/v6-m/nofp\libgcc.a(_dvmd_tls.o)
 .ARM.attributes
                0x00000966       0x1e C:/ST/STM32CubeIDE_1.16.1/STM32CubeIDE/plugins/com.st.stm32cube.ide.mcu.externaltools.gnu-tools-for-stm32.12.3.rel1.win32_1.0.200.202406191623/tools/bin/../lib/gcc/arm-none-eabi/12.3.1/thumb/v6-m/nofp\libgcc.a(_aeabi_uldivmod.o)
 .ARM.attributes
                0x00000984       0x2c C:/ST/STM32CubeIDE_1.16.1/STM32CubeIDE/plugins/com.st.stm32cube.ide.mcu.externaltools.gnu-tools-for-stm32.12.3.rel1.win32_1.0.200.202406191623/tools/bin/../lib/gcc/arm-none-eabi/12.3.1/thumb/v6-m/nofp\libgcc.a(_muldi3.o)
 .ARM.attributes
                0x000009b0       0x2c C:/ST/STM32CubeIDE_1.16.1/STM32CubeIDE/plugins/com.st.stm32cube.ide.mcu.externaltools.gnu-tools-for-stm32.12.3.rel1.win32_1.0.200.202406191623/tools/bin/../lib/gcc/arm-none-eabi/12.3.1/thumb/v6-m/nofp\libgcc.a(_fixunssfsi.o)
 .ARM.attributes
                0x000009dc       0x2c C:/ST/STM32CubeIDE_1.16.1/STM32CubeIDE/plugins/com.st.stm32cube.ide.mcu.externaltools.gnu-tools-for-stm32.12.3.rel1.win32_1.0.200.202406191623/tools/bin/../lib/gcc/arm-none-eabi/12.3.1/thumb/v6-m/nofp\libgcc.a(_udivmoddi4.o)
 .ARM.attributes
                0x00000a08       0x2c C:/ST/STM32CubeIDE_1.16.1/STM32CubeIDE/plugins/com.st.stm32cube.ide.mcu.externaltools.gnu-tools-for-stm32.12.3.rel1.win32_1.0.200.202406191623/tools/bin/../lib/gcc/arm-none-eabi/12.3.1/thumb/v6-m/nofp\libgcc.a(addsf3.o)
 .ARM.attributes
                0x00000a34       0x2c C:/ST/STM32CubeIDE_1.16.1/STM32CubeIDE/plugins/com.st.stm32cube.ide.mcu.externaltools.gnu-tools-for-stm32.12.3.rel1.win32_1.0.200.202406191623/tools/bin/../lib/gcc/arm-none-eabi/12.3.1/thumb/v6-m/nofp\libgcc.a(divsf3.o)
 .ARM.attributes
                0x00000a60       0x2c C:/ST/STM32CubeIDE_1.16.1/STM32CubeIDE/plugins/com.st.stm32cube.ide.mcu.externaltools.gnu-tools-for-stm32.12.3.rel1.win32_1.0.200.202406191623/tools/bin/../lib/gcc/arm-none-eabi/12.3.1/thumb/v6-m/nofp\libgcc.a(mulsf3.o)
 .ARM.attributes
                0x00000a8c       0x2c C:/ST/STM32CubeIDE_1.16.1/STM32CubeIDE/plugins/com.st.stm32cube.ide.mcu.externaltools.gnu-tools-for-stm32.12.3.rel1.win32_1.0.200.202406191623/tools/bin/../lib/gcc/arm-none-eabi/12.3.1/thumb/v6-m/nofp\libgcc.a(subsf3.o)
 .ARM.attributes
                0x00000ab8       0x2c C:/ST/STM32CubeIDE_1.16.1/STM32CubeIDE/plugins/com.st.stm32cube.ide.mcu.externaltools.gnu-tools-for-stm32.12.3.rel1.win32_1.0.200.202406191623/tools/bin/../lib/gcc/arm-none-eabi/12.3.1/thumb/v6-m/nofp\libgcc.a(fixsfsi.o)
 .ARM.attributes
                0x00000ae4       0x2c C:/ST/STM32CubeIDE_1.16.1/STM32CubeIDE/plugins/com.st.stm32cube.ide.mcu.externaltools.gnu-tools-for-stm32.12.3.rel1.win32_1.0.200.202406191623/tools/bin/../lib/gcc/arm-none-eabi/12.3.1/thumb/v6-m/nofp\libgcc.a(floatsisf.o)
 .ARM.attributes
                0x00000b10       0x2c C:/ST/STM32CubeIDE_1.16.1/STM32CubeIDE/plugins/com.st.stm32cube.ide.mcu.externaltools.gnu-tools-for-stm32.12.3.rel1.win32_1.0.200.202406191623/tools/bin/../lib/gcc/arm-none-eabi/12.3.1/thumb/v6-m/nofp\libgcc.a(floatunsisf.o)
 .ARM.attributes
                0x00000b3c       0x1e C:/ST/STM32CubeIDE_1.16.1/STM32CubeIDE/plugins/com.st.stm32cube.ide.mcu.externaltools.gnu-tools-for-stm32.12.3.rel1.win32_1.0.200.202406191623/tools/bin/../lib/gcc/arm-none-eabi/12.3.1/thumb/v6-m/nofp\libgcc.a(_arm_cmpsf2.o)
 .ARM.attributes
                0x00000b5a       0x1e C:/ST/STM32CubeIDE_1.16.1/STM32CubeIDE/plugins/com.st.stm32cube.ide.mcu.externaltools.gnu-tools-for-stm32.12.3.rel1.win32_1.0.200.202406191623/tools/bin/../lib/gcc/arm-none-eabi/12.3.1/thumb/v6-m/nofp\libgcc.a(_clzsi2.o)
 .ARM.attributes
                0x00000b78       0x1e C:/ST/STM32CubeIDE_1.16.1/STM32CubeIDE/plugins/com.st.stm32cube.ide.mcu.externaltools.gnu-tools-for-stm32.12.3.rel1.win32_1.0.200.202406191623/tools/bin/../lib/gcc/arm-none-eabi/12.3.1/thumb/v6-m/nofp\libgcc.a(_clzdi2.o)
 .ARM.attributes
                0x00000b96       0x2c C:/ST/STM32CubeIDE_1.16.1/STM32CubeIDE/plugins/com.st.stm32cube.ide.mcu.externaltools.gnu-tools-for-stm32.12.3.rel1.win32_1.0.200.202406191623/tools/bin/../lib/gcc/arm-none-eabi/12.3.1/thumb/v6-m/nofp\libgcc.a(eqsf2.o)
 .ARM.attributes
                0x00000bc2       0x2c C:/ST/STM32CubeIDE_1.16.1/STM32CubeIDE/plugins/com.st.stm32cube.ide.mcu.externaltools.gnu-tools-for-stm32.12.3.rel1.win32_1.0.200.202406191623/tools/bin/../lib/gcc/arm-none-eabi/12.3.1/thumb/v6-m/nofp\libgcc.a(gesf2.o)
 .ARM.attributes
                0x00000bee       0x2c C:/ST/STM32CubeIDE_1.16.1/STM32CubeIDE/plugins/com.st.stm32cube.ide.mcu.externaltools.gnu-tools-for-stm32.12.3.rel1.win32_1.0.200.202406191623/tools/bin/../lib/gcc/arm-none-eabi/12.3.1/thumb/v6-m/nofp\libgcc.a(lesf2.o)
 .ARM.attributes
                0x00000c1a       0x1e C:/ST/STM32CubeIDE_1.16.1/STM32CubeIDE/plugins/com.st.stm32cube.ide.mcu.externaltools.gnu-tools-for-stm32.12.3.rel1.win32_1.0.200.202406191623/tools/bin/../lib/gcc/arm-none-eabi/12.3.1/thumb/v6-m/nofp/crtn.o
OUTPUT(db meter port tmr6 16MHz.elf elf32-littlearm)
LOAD linker stubs
LOAD C:/ST/STM32CubeIDE_1.16.1/STM32CubeIDE/plugins/com.st.stm32cube.ide.mcu.externaltools.gnu-tools-for-stm32.12.3.rel1.win32_1.0.200.202406191623/tools/bin/../lib/gcc/arm-none-eabi/12.3.1/../../../../arm-none-eabi/lib/thumb/v6-m/nofp\libc.a
LOAD C:/ST/STM32CubeIDE_1.16.1/STM32CubeIDE/plugins/com.st.stm32cube.ide.mcu.externaltools.gnu-tools-for-stm32.12.3.rel1.win32_1.0.200.202406191623/tools/bin/../lib/gcc/arm-none-eabi/12.3.1/../../../../arm-none-eabi/lib/thumb/v6-m/nofp\libm.a
LOAD C:/ST/STM32CubeIDE_1.16.1/STM32CubeIDE/plugins/com.st.stm32cube.ide.mcu.externaltools.gnu-tools-for-stm32.12.3.rel1.win32_1.0.200.202406191623/tools/bin/../lib/gcc/arm-none-eabi/12.3.1/thumb/v6-m/nofp\libgcc.a

.debug_info     0x00000000    0x12d02
 .debug_info    0x00000000      0x2b2 ./Core/Src/efficient_10log10.o
 .debug_info    0x000002b2      0x78a ./Core/Src/hardware_profile.o
 .debug_info    0x00000a3c     0x1641 ./Core/Src/main.o
 .debug_info    0x0000207d      0x27a ./Core/Src/print_functions.o
 .debug_info    0x000022f7      0x62a ./Core/Src/sound_LUTs.o
 .debug_info    0x00002921     0x1697 ./Core/Src/sound_measurement.o
 .debug_info    0x00003fb8      0x475 ./Core/Src/sound_utilities.o
 .debug_info    0x0000442d      0xf4c ./Core/Src/stm32l0xx_hal_msp.o
 .debug_info    0x00005379      0x402 ./Core/Src/stm32l0xx_it.o
 .debug_info    0x0000577b      0x168 ./Core/Src/sysmem.o
 .debug_info    0x000058e3      0x2d0 ./Core/Src/system_stm32l0xx.o
 .debug_info    0x00005bb3       0x30 ./Core/Startup/startup_stm32l072rztx.o
 .debug_info    0x00005be3      0x8a6 ./Drivers/STM32L0xx_HAL_Driver/Src/stm32l0xx_hal.o
 .debug_info    0x00006489      0x861 ./Drivers/STM32L0xx_HAL_Driver/Src/stm32l0xx_hal_cortex.o
 .debug_info    0x00006cea      0x70b ./Drivers/STM32L0xx_HAL_Driver/Src/stm32l0xx_hal_dma.o
 .debug_info    0x000073f5      0x617 ./Drivers/STM32L0xx_HAL_Driver/Src/stm32l0xx_hal_gpio.o
 .debug_info    0x00007a0c      0xcb6 ./Drivers/STM32L0xx_HAL_Driver/Src/stm32l0xx_hal_i2s.o
 .debug_info    0x000086c2      0xa2e ./Drivers/STM32L0xx_HAL_Driver/Src/stm32l0xx_hal_rcc.o
 .debug_info    0x000090f0      0x7e0 ./Drivers/STM32L0xx_HAL_Driver/Src/stm32l0xx_hal_rcc_ex.o
 .debug_info    0x000098d0     0x27b3 ./Drivers/STM32L0xx_HAL_Driver/Src/stm32l0xx_hal_tim.o
 .debug_info    0x0000c083      0x6af ./Drivers/STM32L0xx_HAL_Driver/Src/stm32l0xx_hal_tim_ex.o
 .debug_info    0x0000c732     0x3b30 ./Drivers/STM32L0xx_HAL_Driver/Src/stm32l0xx_hal_uart.o
 .debug_info    0x00010262      0xe6b C:\Users\itsme\OneDrive\Documenten\GitHub\db meter port tmr6 16MHz\Drivers\CMSIS\Lib\GCC\libarm_cortexM0l_math.a(arm_const_structs.o)
 .debug_info    0x000110cd      0x9b1 C:\Users\itsme\OneDrive\Documenten\GitHub\db meter port tmr6 16MHz\Drivers\CMSIS\Lib\GCC\libarm_cortexM0l_math.a(arm_common_tables.o)
 .debug_info    0x00011a7e      0x54c C:\Users\itsme\OneDrive\Documenten\GitHub\db meter port tmr6 16MHz\Drivers\CMSIS\Lib\GCC\libarm_cortexM0l_math.a(arm_cfft_q31.o)
 .debug_info    0x00011fca       0x98 C:\Users\itsme\OneDrive\Documenten\GitHub\db meter port tmr6 16MHz\Drivers\CMSIS\Lib\GCC\libarm_cortexM0l_math.a(arm_bitreversal2.o)
 .debug_info    0x00012062      0x83c C:\Users\itsme\OneDrive\Documenten\GitHub\db meter port tmr6 16MHz\Drivers\CMSIS\Lib\GCC\libarm_cortexM0l_math.a(arm_cfft_radix4_q31.o)
 .debug_info    0x0001289e      0x16b C:\Users\itsme\OneDrive\Documenten\GitHub\db meter port tmr6 16MHz\Drivers\CMSIS\Lib\GCC\libarm_cortexM0l_math.a(arm_cmplx_mag_squared_q31.o)
 .debug_info    0x00012a09      0x172 C:\Users\itsme\OneDrive\Documenten\GitHub\db meter port tmr6 16MHz\Drivers\CMSIS\Lib\GCC\libarm_cortexM0l_math.a(arm_mult_q31.o)
 .debug_info    0x00012b7b      0x187 C:\Users\itsme\OneDrive\Documenten\GitHub\db meter port tmr6 16MHz\Drivers\CMSIS\Lib\GCC\libarm_cortexM0l_math.a(arm_add_q31.o)

.debug_abbrev   0x00000000     0x2f9f
 .debug_abbrev  0x00000000       0xf4 ./Core/Src/efficient_10log10.o
 .debug_abbrev  0x000000f4      0x1d3 ./Core/Src/hardware_profile.o
 .debug_abbrev  0x000002c7      0x348 ./Core/Src/main.o
 .debug_abbrev  0x0000060f      0x151 ./Core/Src/print_functions.o
 .debug_abbrev  0x00000760       0xbb ./Core/Src/sound_LUTs.o
 .debug_abbrev  0x0000081b      0x3d7 ./Core/Src/sound_measurement.o
 .debug_abbrev  0x00000bf2      0x143 ./Core/Src/sound_utilities.o
 .debug_abbrev  0x00000d35      0x238 ./Core/Src/stm32l0xx_hal_msp.o
 .debug_abbrev  0x00000f6d      0x18f ./Core/Src/stm32l0xx_it.o
 .debug_abbrev  0x000010fc       0xbc ./Core/Src/sysmem.o
 .debug_abbrev  0x000011b8      0x11c ./Core/Src/system_stm32l0xx.o
 .debug_abbrev  0x000012d4       0x24 ./Core/Startup/startup_stm32l072rztx.o
 .debug_abbrev  0x000012f8      0x2a0 ./Drivers/STM32L0xx_HAL_Driver/Src/stm32l0xx_hal.o
 .debug_abbrev  0x00001598      0x29b ./Drivers/STM32L0xx_HAL_Driver/Src/stm32l0xx_hal_cortex.o
 .debug_abbrev  0x00001833      0x1cd ./Drivers/STM32L0xx_HAL_Driver/Src/stm32l0xx_hal_dma.o
 .debug_abbrev  0x00001a00      0x1cb ./Drivers/STM32L0xx_HAL_Driver/Src/stm32l0xx_hal_gpio.o
 .debug_abbrev  0x00001bcb      0x252 ./Drivers/STM32L0xx_HAL_Driver/Src/stm32l0xx_hal_i2s.o
 .debug_abbrev  0x00001e1d      0x296 ./Drivers/STM32L0xx_HAL_Driver/Src/stm32l0xx_hal_rcc.o
 .debug_abbrev  0x000020b3      0x21a ./Drivers/STM32L0xx_HAL_Driver/Src/stm32l0xx_hal_rcc_ex.o
 .debug_abbrev  0x000022cd      0x272 ./Drivers/STM32L0xx_HAL_Driver/Src/stm32l0xx_hal_tim.o
 .debug_abbrev  0x0000253f      0x1ab ./Drivers/STM32L0xx_HAL_Driver/Src/stm32l0xx_hal_tim_ex.o
 .debug_abbrev  0x000026ea      0x2e0 ./Drivers/STM32L0xx_HAL_Driver/Src/stm32l0xx_hal_uart.o
 .debug_abbrev  0x000029ca       0xcb C:\Users\itsme\OneDrive\Documenten\GitHub\db meter port tmr6 16MHz\Drivers\CMSIS\Lib\GCC\libarm_cortexM0l_math.a(arm_const_structs.o)
 .debug_abbrev  0x00002a95       0x84 C:\Users\itsme\OneDrive\Documenten\GitHub\db meter port tmr6 16MHz\Drivers\CMSIS\Lib\GCC\libarm_cortexM0l_math.a(arm_common_tables.o)
 .debug_abbrev  0x00002b19      0x125 C:\Users\itsme\OneDrive\Documenten\GitHub\db meter port tmr6 16MHz\Drivers\CMSIS\Lib\GCC\libarm_cortexM0l_math.a(arm_cfft_q31.o)
 .debug_abbrev  0x00002c3e       0x14 C:\Users\itsme\OneDrive\Documenten\GitHub\db meter port tmr6 16MHz\Drivers\CMSIS\Lib\GCC\libarm_cortexM0l_math.a(arm_bitreversal2.o)
 .debug_abbrev  0x00002c52      0x15b C:\Users\itsme\OneDrive\Documenten\GitHub\db meter port tmr6 16MHz\Drivers\CMSIS\Lib\GCC\libarm_cortexM0l_math.a(arm_cfft_radix4_q31.o)
 .debug_abbrev  0x00002dad       0x92 C:\Users\itsme\OneDrive\Documenten\GitHub\db meter port tmr6 16MHz\Drivers\CMSIS\Lib\GCC\libarm_cortexM0l_math.a(arm_cmplx_mag_squared_q31.o)
 .debug_abbrev  0x00002e3f       0xa5 C:\Users\itsme\OneDrive\Documenten\GitHub\db meter port tmr6 16MHz\Drivers\CMSIS\Lib\GCC\libarm_cortexM0l_math.a(arm_mult_q31.o)
 .debug_abbrev  0x00002ee4       0xbb C:\Users\itsme\OneDrive\Documenten\GitHub\db meter port tmr6 16MHz\Drivers\CMSIS\Lib\GCC\libarm_cortexM0l_math.a(arm_add_q31.o)

.debug_aranges  0x00000000      0xf10
 .debug_aranges
                0x00000000       0x30 ./Core/Src/efficient_10log10.o
 .debug_aranges
                0x00000030       0x28 ./Core/Src/hardware_profile.o
 .debug_aranges
                0x00000058       0x58 ./Core/Src/main.o
 .debug_aranges
                0x000000b0       0x30 ./Core/Src/print_functions.o
 .debug_aranges
                0x000000e0       0x18 ./Core/Src/sound_LUTs.o
 .debug_aranges
                0x000000f8       0x98 ./Core/Src/sound_measurement.o
 .debug_aranges
                0x00000190       0x58 ./Core/Src/sound_utilities.o
 .debug_aranges
                0x000001e8       0x50 ./Core/Src/stm32l0xx_hal_msp.o
 .debug_aranges
                0x00000238       0x48 ./Core/Src/stm32l0xx_it.o
 .debug_aranges
                0x00000280       0x20 ./Core/Src/sysmem.o
 .debug_aranges
                0x000002a0       0x28 ./Core/Src/system_stm32l0xx.o
 .debug_aranges
                0x000002c8       0x28 ./Core/Startup/startup_stm32l072rztx.o
 .debug_aranges
                0x000002f0      0x110 ./Drivers/STM32L0xx_HAL_Driver/Src/stm32l0xx_hal.o
 .debug_aranges
                0x00000400       0xd8 ./Drivers/STM32L0xx_HAL_Driver/Src/stm32l0xx_hal_cortex.o
 .debug_aranges
                0x000004d8       0x80 ./Drivers/STM32L0xx_HAL_Driver/Src/stm32l0xx_hal_dma.o
 .debug_aranges
                0x00000558       0x58 ./Drivers/STM32L0xx_HAL_Driver/Src/stm32l0xx_hal_gpio.o
 .debug_aranges
                0x000005b0      0x100 ./Drivers/STM32L0xx_HAL_Driver/Src/stm32l0xx_hal_i2s.o
 .debug_aranges
                0x000006b0       0x80 ./Drivers/STM32L0xx_HAL_Driver/Src/stm32l0xx_hal_rcc.o
 .debug_aranges
                0x00000730       0xb0 ./Drivers/STM32L0xx_HAL_Driver/Src/stm32l0xx_hal_rcc_ex.o
 .debug_aranges
                0x000007e0      0x3d0 ./Drivers/STM32L0xx_HAL_Driver/Src/stm32l0xx_hal_tim.o
 .debug_aranges
                0x00000bb0       0x28 ./Drivers/STM32L0xx_HAL_Driver/Src/stm32l0xx_hal_tim_ex.o
 .debug_aranges
                0x00000bd8      0x228 ./Drivers/STM32L0xx_HAL_Driver/Src/stm32l0xx_hal_uart.o
 .debug_aranges
                0x00000e00       0x18 C:\Users\itsme\OneDrive\Documenten\GitHub\db meter port tmr6 16MHz\Drivers\CMSIS\Lib\GCC\libarm_cortexM0l_math.a(arm_const_structs.o)
 .debug_aranges
                0x00000e18       0x18 C:\Users\itsme\OneDrive\Documenten\GitHub\db meter port tmr6 16MHz\Drivers\CMSIS\Lib\GCC\libarm_cortexM0l_math.a(arm_common_tables.o)
 .debug_aranges
                0x00000e30       0x30 C:\Users\itsme\OneDrive\Documenten\GitHub\db meter port tmr6 16MHz\Drivers\CMSIS\Lib\GCC\libarm_cortexM0l_math.a(arm_cfft_q31.o)
 .debug_aranges
                0x00000e60       0x20 C:\Users\itsme\OneDrive\Documenten\GitHub\db meter port tmr6 16MHz\Drivers\CMSIS\Lib\GCC\libarm_cortexM0l_math.a(arm_bitreversal2.o)
 .debug_aranges
                0x00000e80       0x30 C:\Users\itsme\OneDrive\Documenten\GitHub\db meter port tmr6 16MHz\Drivers\CMSIS\Lib\GCC\libarm_cortexM0l_math.a(arm_cfft_radix4_q31.o)
 .debug_aranges
                0x00000eb0       0x20 C:\Users\itsme\OneDrive\Documenten\GitHub\db meter port tmr6 16MHz\Drivers\CMSIS\Lib\GCC\libarm_cortexM0l_math.a(arm_cmplx_mag_squared_q31.o)
 .debug_aranges
                0x00000ed0       0x20 C:\Users\itsme\OneDrive\Documenten\GitHub\db meter port tmr6 16MHz\Drivers\CMSIS\Lib\GCC\libarm_cortexM0l_math.a(arm_mult_q31.o)
 .debug_aranges
                0x00000ef0       0x20 C:\Users\itsme\OneDrive\Documenten\GitHub\db meter port tmr6 16MHz\Drivers\CMSIS\Lib\GCC\libarm_cortexM0l_math.a(arm_add_q31.o)

.debug_rnglists
                0x00000000      0xab6
 .debug_rnglists
                0x00000000       0x21 ./Core/Src/efficient_10log10.o
 .debug_rnglists
                0x00000021       0x19 ./Core/Src/hardware_profile.o
 .debug_rnglists
                0x0000003a       0x41 ./Core/Src/main.o
 .debug_rnglists
                0x0000007b       0x21 ./Core/Src/print_functions.o
 .debug_rnglists
                0x0000009c       0x71 ./Core/Src/sound_measurement.o
 .debug_rnglists
                0x0000010d       0x3f ./Core/Src/sound_utilities.o
 .debug_rnglists
                0x0000014c       0x39 ./Core/Src/stm32l0xx_hal_msp.o
 .debug_rnglists
                0x00000185       0x31 ./Core/Src/stm32l0xx_it.o
 .debug_rnglists
                0x000001b6       0x13 ./Core/Src/sysmem.o
 .debug_rnglists
                0x000001c9       0x1a ./Core/Src/system_stm32l0xx.o
 .debug_rnglists
                0x000001e3       0x19 ./Core/Startup/startup_stm32l072rztx.o
 .debug_rnglists
                0x000001fc       0xc7 ./Drivers/STM32L0xx_HAL_Driver/Src/stm32l0xx_hal.o
 .debug_rnglists
                0x000002c3       0x9f ./Drivers/STM32L0xx_HAL_Driver/Src/stm32l0xx_hal_cortex.o
 .debug_rnglists
                0x00000362       0x65 ./Drivers/STM32L0xx_HAL_Driver/Src/stm32l0xx_hal_dma.o
 .debug_rnglists
                0x000003c7       0x3f ./Drivers/STM32L0xx_HAL_Driver/Src/stm32l0xx_hal_gpio.o
 .debug_rnglists
                0x00000406       0xc5 ./Drivers/STM32L0xx_HAL_Driver/Src/stm32l0xx_hal_i2s.o
 .debug_rnglists
                0x000004cb       0x61 ./Drivers/STM32L0xx_HAL_Driver/Src/stm32l0xx_hal_rcc.o
 .debug_rnglists
                0x0000052c       0x85 ./Drivers/STM32L0xx_HAL_Driver/Src/stm32l0xx_hal_rcc_ex.o
 .debug_rnglists
                0x000005b1      0x310 ./Drivers/STM32L0xx_HAL_Driver/Src/stm32l0xx_hal_tim.o
 .debug_rnglists
                0x000008c1       0x1a ./Drivers/STM32L0xx_HAL_Driver/Src/stm32l0xx_hal_tim_ex.o
 .debug_rnglists
                0x000008db      0x1db ./Drivers/STM32L0xx_HAL_Driver/Src/stm32l0xx_hal_uart.o

.debug_macro    0x00000000    0x1692f
 .debug_macro   0x00000000       0x73 ./Core/Src/efficient_10log10.o
 .debug_macro   0x00000073      0xa90 ./Core/Src/efficient_10log10.o
 .debug_macro   0x00000b03       0x22 ./Core/Src/efficient_10log10.o
 .debug_macro   0x00000b25       0x8e ./Core/Src/efficient_10log10.o
 .debug_macro   0x00000bb3       0x51 ./Core/Src/efficient_10log10.o
 .debug_macro   0x00000c04      0x103 ./Core/Src/efficient_10log10.o
 .debug_macro   0x00000d07       0x6a ./Core/Src/efficient_10log10.o
 .debug_macro   0x00000d71      0x1df ./Core/Src/efficient_10log10.o
 .debug_macro   0x00000f50      0x225 ./Core/Src/hardware_profile.o
 .debug_macro   0x00001175      0x12b ./Core/Src/hardware_profile.o
 .debug_macro   0x000012a0       0x2e ./Core/Src/hardware_profile.o
 .debug_macro   0x000012ce       0x28 ./Core/Src/hardware_profile.o
 .debug_macro   0x000012f6       0x1c ./Core/Src/hardware_profile.o
 .debug_macro   0x00001312       0x22 ./Core/Src/hardware_profile.o
 .debug_macro   0x00001334       0xaf ./Core/Src/hardware_profile.o
 .debug_macro   0x000013e3      0x4da ./Core/Src/hardware_profile.o
 .debug_macro   0x000018bd      0x11f ./Core/Src/hardware_profile.o
 .debug_macro   0x000019dc     0xa10b ./Core/Src/hardware_profile.o
 .debug_macro   0x0000bae7       0x66 ./Core/Src/hardware_profile.o
 .debug_macro   0x0000bb4d     0x3590 ./Core/Src/hardware_profile.o
 .debug_macro   0x0000f0dd      0x189 ./Core/Src/hardware_profile.o
 .debug_macro   0x0000f266       0x5c ./Core/Src/hardware_profile.o
 .debug_macro   0x0000f2c2      0x8ea ./Core/Src/hardware_profile.o
 .debug_macro   0x0000fbac      0xb52 ./Core/Src/hardware_profile.o
 .debug_macro   0x000106fe      0x197 ./Core/Src/hardware_profile.o
 .debug_macro   0x00010895      0x13f ./Core/Src/hardware_profile.o
 .debug_macro   0x000109d4      0x1ca ./Core/Src/hardware_profile.o
 .debug_macro   0x00010b9e       0x82 ./Core/Src/hardware_profile.o
 .debug_macro   0x00010c20      0x28e ./Core/Src/hardware_profile.o
 .debug_macro   0x00010eae      0x1e9 ./Core/Src/hardware_profile.o
 .debug_macro   0x00011097      0x13d ./Core/Src/hardware_profile.o
 .debug_macro   0x000111d4      0x4ac ./Core/Src/hardware_profile.o
 .debug_macro   0x00011680      0x22c ./Core/Src/hardware_profile.o
 .debug_macro   0x000118ac       0x5b ./Core/Src/hardware_profile.o
 .debug_macro   0x00011907       0xa5 ./Core/Src/hardware_profile.o
 .debug_macro   0x000119ac      0x1c3 ./Core/Src/hardware_profile.o
 .debug_macro   0x00011b6f      0x186 ./Core/Src/hardware_profile.o
 .debug_macro   0x00011cf5       0x16 ./Core/Src/hardware_profile.o
 .debug_macro   0x00011d0b      0x788 ./Core/Src/hardware_profile.o
 .debug_macro   0x00012493       0xfc ./Core/Src/hardware_profile.o
 .debug_macro   0x0001258f      0x5cf ./Core/Src/hardware_profile.o
 .debug_macro   0x00012b5e       0x44 ./Core/Src/hardware_profile.o
 .debug_macro   0x00012ba2      0x170 ./Core/Src/hardware_profile.o
 .debug_macro   0x00012d12       0x22 ./Core/Src/hardware_profile.o
 .debug_macro   0x00012d34       0x10 ./Core/Src/hardware_profile.o
 .debug_macro   0x00012d44       0x16 ./Core/Src/hardware_profile.o
 .debug_macro   0x00012d5a       0x10 ./Core/Src/hardware_profile.o
 .debug_macro   0x00012d6a       0x6a ./Core/Src/hardware_profile.o
 .debug_macro   0x00012dd4      0x226 ./Core/Src/main.o
 .debug_macro   0x00012ffa       0x64 ./Core/Src/main.o
 .debug_macro   0x0001305e      0x1ab ./Core/Src/print_functions.o
 .debug_macro   0x00013209       0x5b ./Core/Src/print_functions.o
 .debug_macro   0x00013264       0x24 ./Core/Src/print_functions.o
 .debug_macro   0x00013288       0x94 ./Core/Src/print_functions.o
 .debug_macro   0x0001331c       0x43 ./Core/Src/print_functions.o
 .debug_macro   0x0001335f       0x34 ./Core/Src/print_functions.o
 .debug_macro   0x00013393       0x16 ./Core/Src/print_functions.o
 .debug_macro   0x000133a9       0x43 ./Core/Src/print_functions.o
 .debug_macro   0x000133ec       0x57 ./Core/Src/print_functions.o
 .debug_macro   0x00013443       0x34 ./Core/Src/print_functions.o
 .debug_macro   0x00013477       0x10 ./Core/Src/print_functions.o
 .debug_macro   0x00013487       0x58 ./Core/Src/print_functions.o
 .debug_macro   0x000134df       0x8e ./Core/Src/print_functions.o
 .debug_macro   0x0001356d       0x1c ./Core/Src/print_functions.o
 .debug_macro   0x00013589      0x177 ./Core/Src/print_functions.o
 .debug_macro   0x00013700      0x369 ./Core/Src/print_functions.o
 .debug_macro   0x00013a69       0x10 ./Core/Src/print_functions.o
 .debug_macro   0x00013a79       0x35 ./Core/Src/print_functions.o
 .debug_macro   0x00013aae       0x20 ./Core/Src/print_functions.o
 .debug_macro   0x00013ace       0x1c ./Core/Src/print_functions.o
 .debug_macro   0x00013aea       0x10 ./Core/Src/print_functions.o
 .debug_macro   0x00013afa       0x1c ./Core/Src/print_functions.o
 .debug_macro   0x00013b16       0x16 ./Core/Src/print_functions.o
 .debug_macro   0x00013b2c      0x146 ./Core/Src/print_functions.o
 .debug_macro   0x00013c72       0x4c ./Core/Src/print_functions.o
 .debug_macro   0x00013cbe       0x16 ./Core/Src/print_functions.o
 .debug_macro   0x00013cd4       0x16 ./Core/Src/print_functions.o
 .debug_macro   0x00013cea       0x29 ./Core/Src/print_functions.o
 .debug_macro   0x00013d13       0x6c ./Core/Src/sound_LUTs.o
 .debug_macro   0x00013d7f      0x39f ./Core/Src/sound_measurement.o
 .debug_macro   0x0001411e       0x61 ./Core/Src/sound_measurement.o
 .debug_macro   0x0001417f      0x11c ./Core/Src/sound_measurement.o
 .debug_macro   0x0001429b       0x94 ./Core/Src/sound_measurement.o
 .debug_macro   0x0001432f       0x12 ./Core/Src/sound_measurement.o
 .debug_macro   0x00014341       0x22 ./Core/Src/sound_measurement.o
 .debug_macro   0x00014363       0x12 ./Core/Src/sound_measurement.o
 .debug_macro   0x00014375       0x16 ./Core/Src/sound_measurement.o
 .debug_macro   0x0001438b      0x19b ./Core/Src/sound_measurement.o
 .debug_macro   0x00014526       0xe4 ./Core/Src/sound_measurement.o